Component: ARM Compiler 5.06 update 6 (build 750) Tool: armlink [4d35ed]

==============================================================================

Section Cross References

    startup_stm32f429_439xx.o(RESET) refers to startup_stm32f429_439xx.o(STACK) for __initial_sp
    startup_stm32f429_439xx.o(RESET) refers to startup_stm32f429_439xx.o(.text) for Reset_Handler
    startup_stm32f429_439xx.o(RESET) refers to stm32f4xx_it.o(i.NMI_Handler) for NMI_Handler
    startup_stm32f429_439xx.o(RESET) refers to context_rvds.o(.text) for HardFault_Handler
    startup_stm32f429_439xx.o(RESET) refers to stm32f4xx_it.o(i.MemManage_Handler) for MemManage_Handler
    startup_stm32f429_439xx.o(RESET) refers to stm32f4xx_it.o(i.BusFault_Handler) for BusFault_Handler
    startup_stm32f429_439xx.o(RESET) refers to stm32f4xx_it.o(i.UsageFault_Handler) for UsageFault_Handler
    startup_stm32f429_439xx.o(RESET) refers to stm32f4xx_it.o(i.SVC_Handler) for SVC_Handler
    startup_stm32f429_439xx.o(RESET) refers to stm32f4xx_it.o(i.DebugMon_Handler) for DebugMon_Handler
    startup_stm32f429_439xx.o(RESET) refers to board.o(i.SysTick_Handler) for SysTick_Handler
    startup_stm32f429_439xx.o(RESET) refers to bsp_sdio_sd.o(i.SDIO_IRQHandler) for SDIO_IRQHandler
    startup_stm32f429_439xx.o(RESET) refers to bsp_sdio_sd.o(i.DMA2_Stream3_IRQHandler) for DMA2_Stream3_IRQHandler
    startup_stm32f429_439xx.o(.text) refers to system_stm32f4xx.o(i.SystemInit) for SystemInit
    startup_stm32f429_439xx.o(.text) refers to entry.o(.ARM.Collect$$$$00000000) for __main
    system_stm32f4xx.o(i.SystemCoreClockUpdate) refers to system_stm32f4xx.o(.data) for SystemCoreClock
    system_stm32f4xx.o(i.SystemInit) refers to system_stm32f4xx.o(i.SetSysClock) for SetSysClock
    stm32f4xx_adc.o(i.ADC_DeInit) refers to stm32f4xx_rcc.o(i.RCC_APB2PeriphResetCmd) for RCC_APB2PeriphResetCmd
    stm32f4xx_can.o(i.CAN_DeInit) refers to stm32f4xx_rcc.o(i.RCC_APB1PeriphResetCmd) for RCC_APB1PeriphResetCmd
    stm32f4xx_can.o(i.CAN_GetITStatus) refers to stm32f4xx_can.o(i.CheckITStatus) for CheckITStatus
    stm32f4xx_cryp.o(i.CRYP_DeInit) refers to stm32f4xx_rcc.o(i.RCC_AHB2PeriphResetCmd) for RCC_AHB2PeriphResetCmd
    stm32f4xx_cryp_aes.o(i.CRYP_AES_CBC) refers to stm32f4xx_cryp.o(i.CRYP_KeyStructInit) for CRYP_KeyStructInit
    stm32f4xx_cryp_aes.o(i.CRYP_AES_CBC) refers to stm32f4xx_cryp.o(i.CRYP_FIFOFlush) for CRYP_FIFOFlush
    stm32f4xx_cryp_aes.o(i.CRYP_AES_CBC) refers to stm32f4xx_cryp.o(i.CRYP_Init) for CRYP_Init
    stm32f4xx_cryp_aes.o(i.CRYP_AES_CBC) refers to stm32f4xx_cryp.o(i.CRYP_KeyInit) for CRYP_KeyInit
    stm32f4xx_cryp_aes.o(i.CRYP_AES_CBC) refers to stm32f4xx_cryp.o(i.CRYP_Cmd) for CRYP_Cmd
    stm32f4xx_cryp_aes.o(i.CRYP_AES_CBC) refers to stm32f4xx_cryp.o(i.CRYP_GetFlagStatus) for CRYP_GetFlagStatus
    stm32f4xx_cryp_aes.o(i.CRYP_AES_CBC) refers to stm32f4xx_cryp.o(i.CRYP_IVInit) for CRYP_IVInit
    stm32f4xx_cryp_aes.o(i.CRYP_AES_CBC) refers to stm32f4xx_cryp.o(i.CRYP_GetCmdStatus) for CRYP_GetCmdStatus
    stm32f4xx_cryp_aes.o(i.CRYP_AES_CBC) refers to stm32f4xx_cryp.o(i.CRYP_DataIn) for CRYP_DataIn
    stm32f4xx_cryp_aes.o(i.CRYP_AES_CBC) refers to stm32f4xx_cryp.o(i.CRYP_DataOut) for CRYP_DataOut
    stm32f4xx_cryp_aes.o(i.CRYP_AES_CCM) refers to stm32f4xx_cryp.o(i.CRYP_KeyStructInit) for CRYP_KeyStructInit
    stm32f4xx_cryp_aes.o(i.CRYP_AES_CCM) refers to stm32f4xx_cryp.o(i.CRYP_FIFOFlush) for CRYP_FIFOFlush
    stm32f4xx_cryp_aes.o(i.CRYP_AES_CCM) refers to stm32f4xx_cryp.o(i.CRYP_KeyInit) for CRYP_KeyInit
    stm32f4xx_cryp_aes.o(i.CRYP_AES_CCM) refers to stm32f4xx_cryp.o(i.CRYP_IVInit) for CRYP_IVInit
    stm32f4xx_cryp_aes.o(i.CRYP_AES_CCM) refers to stm32f4xx_cryp.o(i.CRYP_Init) for CRYP_Init
    stm32f4xx_cryp_aes.o(i.CRYP_AES_CCM) refers to stm32f4xx_cryp.o(i.CRYP_PhaseConfig) for CRYP_PhaseConfig
    stm32f4xx_cryp_aes.o(i.CRYP_AES_CCM) refers to stm32f4xx_cryp.o(i.CRYP_DataIn) for CRYP_DataIn
    stm32f4xx_cryp_aes.o(i.CRYP_AES_CCM) refers to stm32f4xx_cryp.o(i.CRYP_Cmd) for CRYP_Cmd
    stm32f4xx_cryp_aes.o(i.CRYP_AES_CCM) refers to stm32f4xx_cryp.o(i.CRYP_GetCmdStatus) for CRYP_GetCmdStatus
    stm32f4xx_cryp_aes.o(i.CRYP_AES_CCM) refers to stm32f4xx_cryp.o(i.CRYP_GetFlagStatus) for CRYP_GetFlagStatus
    stm32f4xx_cryp_aes.o(i.CRYP_AES_CCM) refers to stm32f4xx_cryp.o(i.CRYP_DataOut) for CRYP_DataOut
    stm32f4xx_cryp_aes.o(i.CRYP_AES_CTR) refers to stm32f4xx_cryp.o(i.CRYP_KeyStructInit) for CRYP_KeyStructInit
    stm32f4xx_cryp_aes.o(i.CRYP_AES_CTR) refers to stm32f4xx_cryp.o(i.CRYP_KeyInit) for CRYP_KeyInit
    stm32f4xx_cryp_aes.o(i.CRYP_AES_CTR) refers to stm32f4xx_cryp.o(i.CRYP_Init) for CRYP_Init
    stm32f4xx_cryp_aes.o(i.CRYP_AES_CTR) refers to stm32f4xx_cryp.o(i.CRYP_IVInit) for CRYP_IVInit
    stm32f4xx_cryp_aes.o(i.CRYP_AES_CTR) refers to stm32f4xx_cryp.o(i.CRYP_FIFOFlush) for CRYP_FIFOFlush
    stm32f4xx_cryp_aes.o(i.CRYP_AES_CTR) refers to stm32f4xx_cryp.o(i.CRYP_Cmd) for CRYP_Cmd
[...]
    i.put_fat                                0x08004eb4   Section        0  ff.o(i.put_fat)
    i.remove_chain                           0x0800503c   Section        0  ff.o(i.remove_chain)
    remove_chain                             0x0800503d   Thumb Code   108  ff.o(i.remove_chain)
    i.rt_application_init                    0x080050a8   Section        0  components.o(i.rt_application_init)
    i.rt_components_board_init               0x080050d4   Section        0  components.o(i.rt_components_board_init)
    i.rt_components_init                     0x080050f0   Section        0  components.o(i.rt_components_init)
    i.rt_enter_critical                      0x0800510c   Section        0  scheduler.o(i.rt_enter_critical)
    i.rt_exit_critical                       0x0800512c   Section        0  scheduler.o(i.rt_exit_critical)
    i.rt_free                                0x08005168   Section        0  mem.o(i.rt_free)
    i.rt_heap_begin_get                      0x08005248   Section        0  board.o(i.rt_heap_begin_get)
    i.rt_heap_end_get                        0x08005250   Section        0  board.o(i.rt_heap_end_get)
    i.rt_hw_board_init                       0x08005258   Section        0  board.o(i.rt_hw_board_init)
    i.rt_hw_console_output                   0x080052d4   Section        0  board.o(i.rt_hw_console_output)
    i.rt_hw_hard_fault_exception             0x08005324   Section        0  cpuport.o(i.rt_hw_hard_fault_exception)
    i.rt_hw_stack_init                       0x08005430   Section        0  cpuport.o(i.rt_hw_stack_init)
    i.rt_interrupt_enter                     0x0800547c   Section        0  irq.o(i.rt_interrupt_enter)
    i.rt_interrupt_leave                     0x0800549c   Section        0  irq.o(i.rt_interrupt_leave)
    i.rt_ipc_list_resume                     0x080054bc   Section        0  ipc.o(i.rt_ipc_list_resume)
    rt_ipc_list_resume                       0x080054bd   Thumb Code    20  ipc.o(i.rt_ipc_list_resume)
    i.rt_ipc_list_resume_all                 0x080054d0   Section        0  ipc.o(i.rt_ipc_list_resume_all)
    rt_ipc_list_resume_all                   0x080054d1   Thumb Code    50  ipc.o(i.rt_ipc_list_resume_all)
    i.rt_ipc_list_suspend                    0x08005502   Section        0  ipc.o(i.rt_ipc_list_suspend)
    rt_ipc_list_suspend                      0x08005503   Thumb Code   108  ipc.o(i.rt_ipc_list_suspend)
    i.rt_ipc_object_init                     0x0800556e   Section        0  ipc.o(i.rt_ipc_object_init)
    rt_ipc_object_init                       0x0800556f   Thumb Code    16  ipc.o(i.rt_ipc_object_init)
    i.rt_kprintf                             0x08005580   Section        0  kservice.o(i.rt_kprintf)
    i.rt_list_init                           0x080055b0   Section        0  ipc.o(i.rt_list_init)
    rt_list_init                             0x080055b1   Thumb Code     6  ipc.o(i.rt_list_init)
    i.rt_list_init                           0x080055b6   Section        0  scheduler.o(i.rt_list_init)
    rt_list_init                             0x080055b7   Thumb Code     6  scheduler.o(i.rt_list_init)
    i.rt_list_init                           0x080055bc   Section        0  timer.o(i.rt_list_init)
    rt_list_init                             0x080055bd   Thumb Code     6  timer.o(i.rt_list_init)
    i.rt_list_insert_after                   0x080055c2   Section        0  object.o(i.rt_list_insert_after)
    rt_list_insert_after                     0x080055c3   Thumb Code    14  object.o(i.rt_list_insert_after)
    i.rt_list_insert_after                   0x080055d0   Section        0  thread.o(i.rt_list_insert_after)
    rt_list_insert_after                     0x080055d1   Thumb Code    14  thread.o(i.rt_list_insert_after)
    i.rt_list_insert_after                   0x080055de   Section        0  timer.o(i.rt_list_insert_after)
    rt_list_insert_after                     0x080055df   Thumb Code    14  timer.o(i.rt_list_insert_after)
    i.rt_list_insert_before                  0x080055ec   Section        0  ipc.o(i.rt_list_insert_before)
    rt_list_insert_before                    0x080055ed   Thumb Code    14  ipc.o(i.rt_list_insert_before)
    i.rt_list_isempty                        0x080055fa   Section        0  ipc.o(i.rt_list_isempty)
    rt_list_isempty                          0x080055fb   Thumb Code    16  ipc.o(i.rt_list_isempty)
    i.rt_list_isempty                        0x0800560a   Section        0  timer.o(i.rt_list_isempty)
    rt_list_isempty                          0x0800560b   Thumb Code    16  timer.o(i.rt_list_isempty)
    i.rt_list_remove                         0x0800561a   Section        0  object.o(i.rt_list_remove)
    rt_list_remove                           0x0800561b   Thumb Code    18  object.o(i.rt_list_remove)
    i.rt_list_remove                         0x0800562c   Section        0  thread.o(i.rt_list_remove)
    rt_list_remove                           0x0800562d   Thumb Code    18  thread.o(i.rt_list_remove)
    i.rt_malloc                              0x08005640   Section        0  mem.o(i.rt_malloc)
    i.rt_memset                              0x080057ac   Section        0  kservice.o(i.rt_memset)
    i.rt_mutex_create                        0x080057c0   Section        0  ipc.o(i.rt_mutex_create)
    i.rt_mutex_delete                        0x080057f2   Section        0  ipc.o(i.rt_mutex_delete)
    i.rt_mutex_release                       0x08005808   Section        0  ipc.o(i.rt_mutex_release)
    i.rt_mutex_take                          0x0800589e   Section        0  ipc.o(i.rt_mutex_take)
    i.rt_object_allocate                     0x0800595e   Section        0  object.o(i.rt_object_allocate)
    i.rt_object_delete                       0x080059a8   Section        0  object.o(i.rt_object_delete)
    i.rt_object_detach                       0x080059c8   Section        0  object.o(i.rt_object_detach)
    i.rt_object_get_information              0x080059e4   Section        0  object.o(i.rt_object_get_information)
    i.rt_object_init                         0x08005a0c   Section        0  object.o(i.rt_object_init)
    i.rt_object_is_systemobject              0x08005a48   Section        0  object.o(i.rt_object_is_systemobject)
    i.rt_schedule                            0x08005a5c   Section        0  scheduler.o(i.rt_schedule)
    i.rt_schedule_insert_thread              0x08005aec   Section        0  scheduler.o(i.rt_schedule_insert_thread)
    i.rt_schedule_remove_thread              0x08005b3c   Section        0  scheduler.o(i.rt_schedule_remove_thread)
    i.rt_sem_init                            0x08005b90   Section        0  ipc.o(i.rt_sem_init)
    i.rt_sem_release                         0x08005bb6   Section        0  ipc.o(i.rt_sem_release)
    i.rt_sem_take                            0x08005bf0   Section        0  ipc.o(i.rt_sem_take)
    i.rt_show_version                        0x08005c64   Section        0  kservice.o(i.rt_show_version)
    i.rt_strlen                              0x08005d14   Section        0  kservice.o(i.rt_strlen)
    i.rt_strncpy                             0x08005d26   Section        0  kservice.o(i.rt_strncpy)
    i.rt_system_heap_init                    0x08005d5c   Section        0  mem.o(i.rt_system_heap_init)
    i.rt_system_scheduler_init               0x08005e54   Section        0  scheduler.o(i.rt_system_scheduler_init)
    i.rt_system_scheduler_start              0x08005ea0   Section        0  scheduler.o(i.rt_system_scheduler_start)
    i.rt_system_timer_init                   0x08005ed0   Section        0  timer.o(i.rt_system_timer_init)
    i.rt_system_timer_thread_init            0x08005eec   Section        0  timer.o(i.rt_system_timer_thread_init)
    i.rt_thread_control                      0x08005eee   Section        0  thread.o(i.rt_thread_control)
    i.rt_thread_create                       0x08005f64   Section        0  thread.o(i.rt_thread_create)
    i.rt_thread_delay                        0x08005fb4   Section        0  thread.o(i.rt_thread_delay)
    i.rt_thread_delete                       0x08005fc0   Section        0  thread.o(i.rt_thread_delete)
    i.rt_thread_exit                         0x08006000   Section        0  thread.o(i.rt_thread_exit)
    i.rt_thread_idle_entry                   0x08006054   Section        0  idle.o(i.rt_thread_idle_entry)
    rt_thread_idle_entry                     0x08006055   Thumb Code     8  idle.o(i.rt_thread_idle_entry)
    i.rt_thread_idle_excute                  0x0800605c   Section        0  idle.o(i.rt_thread_idle_excute)
    i.rt_thread_idle_init                    0x080060e0   Section        0  idle.o(i.rt_thread_idle_init)
    i.rt_thread_init                         0x0800611c   Section        0  thread.o(i.rt_thread_init)
    i.rt_thread_resume                       0x08006150   Section        0  thread.o(i.rt_thread_resume)
    i.rt_thread_self                         0x0800618c   Section        0  thread.o(i.rt_thread_self)
    i.rt_thread_sleep                        0x08006198   Section        0  thread.o(i.rt_thread_sleep)
    i.rt_thread_startup                      0x080061dc   Section        0  thread.o(i.rt_thread_startup)
    i.rt_thread_suspend                      0x08006208   Section        0  thread.o(i.rt_thread_suspend)
    i.rt_thread_timeout                      0x0800624c   Section        0  thread.o(i.rt_thread_timeout)
    i.rt_thread_yield                        0x0800626c   Section        0  thread.o(i.rt_thread_yield)
    i.rt_tick_get                            0x080062d0   Section        0  clock.o(i.rt_tick_get)
    i.rt_tick_increase                       0x080062dc   Section        0  clock.o(i.rt_tick_increase)
    i.rt_timer_check                         0x0800630c   Section        0  timer.o(i.rt_timer_check)
    i.rt_timer_control                       0x08006388   Section        0  timer.o(i.rt_timer_control)
    i.rt_timer_detach                        0x080063c0   Section        0  timer.o(i.rt_timer_detach)
    i.rt_timer_init                          0x080063e0   Section        0  timer.o(i.rt_timer_init)
    i.rt_timer_start                         0x08006410   Section        0  timer.o(i.rt_timer_start)
    i.rt_timer_stop                          0x08006508   Section        0  timer.o(i.rt_timer_stop)
    i.rt_vsnprintf                           0x08006538   Section        0  kservice.o(i.rt_vsnprintf)
    i.rti_board_end                          0x08006860   Section        0  components.o(i.rti_board_end)
    rti_board_end                            0x08006861   Thumb Code     4  components.o(i.rti_board_end)
    i.rti_board_start                        0x08006864   Section        0  components.o(i.rti_board_start)
    rti_board_start                          0x08006865   Thumb Code     4  components.o(i.rti_board_start)
    i.rti_end                                0x08006868   Section        0  components.o(i.rti_end)
    rti_end                                  0x08006869   Thumb Code     4  components.o(i.rti_end)
    i.rti_start                              0x0800686c   Section        0  components.o(i.rti_start)
    rti_start                                0x0800686d   Thumb Code     4  components.o(i.rti_start)
    i.rtthread_startup                       0x08006870   Section        0  components.o(i.rtthread_startup)
    i.skip_atoi                              0x0800689a   Section        0  kservice.o(i.skip_atoi)
    skip_atoi                                0x0800689b   Thumb Code    38  kservice.o(i.skip_atoi)
    i.st_clust                               0x080068c0   Section        0  ff.o(i.st_clust)
    st_clust                                 0x080068c1   Thumb Code    16  ff.o(i.st_clust)
    i.sum_sfn                                0x080068d0   Section        0  ff.o(i.sum_sfn)
    sum_sfn                                  0x080068d1   Thumb Code    32  ff.o(i.sum_sfn)
    i.sync_fs                                0x080068f0   Section        0  ff.o(i.sync_fs)
    sync_fs                                  0x080068f1   Thumb Code   200  ff.o(i.sync_fs)
    i.sync_window                            0x080069b8   Section        0  ff.o(i.sync_window)
    sync_window                              0x080069b9   Thumb Code    82  ff.o(i.sync_window)
    i.test_thread_entry                      0x08006a0c   Section        0  main.o(i.test_thread_entry)
    test_thread_entry                        0x08006a0d   Thumb Code    32  main.o(i.test_thread_entry)
    i.unlock_fs                              0x08006a30   Section        0  ff.o(i.unlock_fs)
    unlock_fs                                0x08006a31   Thumb Code    32  ff.o(i.unlock_fs)
    i.validate                               0x08006a50   Section        0  ff.o(i.validate)
    validate                                 0x08006a51   Thumb Code    62  ff.o(i.validate)
    .constdata                               0x08006a8e   Section       58  ff.o(.constdata)
    LfnOfs                                   0x08006a8e   Data          13  ff.o(.constdata)
    vst                                      0x08006a9c   Data          22  ff.o(.constdata)
    cst                                      0x08006ab2   Data          22  ff.o(.constdata)
    .constdata                               0x08006ac8   Section    176320  cc936.o(.constdata)
    uni2oem                                  0x08006ac8   Data       87172  cc936.o(.constdata)
    oem2uni                                  0x0801bf4c   Data       87172  cc936.o(.constdata)
    lower                                    0x080313d0   Data         988  cc936.o(.constdata)
    upper                                    0x080317ac   Data         988  cc936.o(.constdata)
    .constdata                               0x08031b88   Section      290  kservice.o(.constdata)
    small_digits                             0x08031c88   Data          17  kservice.o(.constdata)
    large_digits                             0x08031c99   Data          17  kservice.o(.constdata)
    .rti_fn.0                                0x08031cac   Section        4  components.o(.rti_fn.0)
    __tagsym$$used                           0x08031cac   Number         0  components.o(.rti_fn.0)
    .rti_fn.0.end                            0x08031cb0   Section        4  components.o(.rti_fn.0.end)
    __tagsym$$used                           0x08031cb0   Number         0  components.o(.rti_fn.0.end)
    .rti_fn.1.end                            0x08031cb4   Section        4  components.o(.rti_fn.1.end)
    __tagsym$$used                           0x08031cb4   Number         0  components.o(.rti_fn.1.end)
    .rti_fn.6.end                            0x08031cb8   Section        4  components.o(.rti_fn.6.end)
    __tagsym$$used                           0x08031cb8   Number         0  components.o(.rti_fn.6.end)
    .data                                    0x20000000   Section       20  system_stm32f4xx.o(.data)
    .data                                    0x20000014   Section       16  stm32f4xx_rcc.o(.data)
    APBAHBPrescTable                         0x20000014   Data          16  stm32f4xx_rcc.o(.data)
    .data                                    0x20000024   Section        4  main.o(.data)
    test_thread                              0x20000024   Data           4  main.o(.data)
    .data                                    0x20000028   Section       24  bsp_sdio_sd.o(.data)
    CardType                                 0x20000028   Data           4  bsp_sdio_sd.o(.data)
    RCA                                      0x2000002c   Data           4  bsp_sdio_sd.o(.data)
    .data                                    0x20000040   Section       76  fatfs_test.o(.data)
    .data                                    0x2000008c   Section       10  ff.o(.data)
    FatFs                                    0x2000008c   Data           8  ff.o(.data)
    Fsid                                     0x20000094   Data           2  ff.o(.data)
    .data                                    0x20000098   Section        4  clock.o(.data)
    rt_tick                                  0x20000098   Data           4  clock.o(.data)
    .data                                    0x2000009c   Section        1  irq.o(.data)
    .data                                    0x200000a0   Section       24  mem.o(.data)
    heap_ptr                                 0x200000a0   Data           4  mem.o(.data)
    heap_end                                 0x200000a4   Data           4  mem.o(.data)
    lfree                                    0x200000a8   Data           4  mem.o(.data)
    mem_size_aligned                         0x200000ac   Data           4  mem.o(.data)
    used_mem                                 0x200000b0   Data           4  mem.o(.data)
    max_mem                                  0x200000b4   Data           4  mem.o(.data)
    .data                                    0x200000b8   Section      128  object.o(.data)
    rt_object_container                      0x200000b8   Data         128  object.o(.data)
    .data                                    0x20000138   Section       24  scheduler.o(.data)
    rt_scheduler_lock_nest                   0x20000138   Data           2  scheduler.o(.data)
    .data                                    0x20000150   Section       12  timer.o(.data)
    rt_timer_list                            0x20000150   Data           8  timer.o(.data)
    random_nr                                0x20000158   Data           4  timer.o(.data)
    .data                                    0x2000015c   Section       16  cpuport.o(.data)
    rt_exception_hook                        0x20000168   Data           4  cpuport.o(.data)
    .data                                    0x2000016c   Section        4  stdout.o(.data)
    .bss                                     0x20000170   Section      204  bsp_sdio_sd.o(.bss)
    CSD_Tab                                  0x20000170   Data          16  bsp_sdio_sd.o(.bss)
    CID_Tab                                  0x20000180   Data          16  bsp_sdio_sd.o(.bss)
    SDSTATUS_Tab                             0x20000190   Data          16  bsp_sdio_sd.o(.bss)
    .bss                                     0x2000023c   Section     9304  fatfs_test.o(.bss)
    .bss                                     0x20002694   Section    40960  board.o(.bss)
    rt_heap                                  0x20002694   Data       40960  board.o(.bss)
    .bss                                     0x2000c694   Section      384  idle.o(.bss)
    idle                                     0x2000c694   Data         128  idle.o(.bss)
    rt_thread_stack                          0x2000c714   Data         256  idle.o(.bss)
    .bss                                     0x2000c814   Section      128  kservice.o(.bss)
    rt_log_buf                               0x2000c814   Data         128  kservice.o(.bss)
    .bss                                     0x2000c894   Section       32  mem.o(.bss)
    heap_sem                                 0x2000c894   Data          32  mem.o(.bss)
    .bss                                     0x2000c8b4   Section       64  scheduler.o(.bss)
    STACK                                    0x2000c8f8   Section     1024  startup_stm32f429_439xx.o(STACK)

    Global Symbols

    Symbol Name                              Value     Ov Type        Size  Object(Section)

    BuildAttributes$$THM_ISAv4$E$P$D$K$B$S$7EM$PE$A:L22UL41UL21$X:L11$S22US41US21$IEEE1$IW$USESV6$~STKCKD$USESV7$~SHL$OSPACE$ROPI$EBA8$MICROLIB$REQ8$PRES8$EABIv2 0x00000000   Number         0  anon$$obj.o ABSOLUTE
    __ARM_use_no_argv                        0x00000000   Number         0  main.o ABSOLUTE
    _printf_a                                0x00000000   Number         0  stubs.o ABSOLUTE
    _printf_c                                0x00000000   Number         0  stubs.o ABSOLUTE
    _printf_charcount                        0x00000000   Number         0  stubs.o ABSOLUTE
    _printf_d                                0x00000000   Number         0  stubs.o ABSOLUTE
    _printf_e                                0x00000000   Number         0  stubs.o ABSOLUTE
    _printf_f                                0x00000000   Number         0  stubs.o ABSOLUTE
    _printf_flags                            0x00000000   Number         0  stubs.o ABSOLUTE
    _printf_fp_dec                           0x00000000   Number         0  stubs.o ABSOLUTE
    _printf_fp_hex                           0x00000000   Number         0  stubs.o ABSOLUTE
    _printf_g                                0x00000000   Number         0  stubs.o ABSOLUTE
    _printf_i                                0x00000000   Number         0  stubs.o ABSOLUTE
    _printf_int_dec                          0x00000000   Number         0  stubs.o ABSOLUTE
    _printf_l                                0x00000000   Number         0  stubs.o ABSOLUTE
    _printf_lc                               0x00000000   Number         0  stubs.o ABSOLUTE
    _printf_ll                               0x00000000   Number         0  stubs.o ABSOLUTE
    _printf_lld                              0x00000000   Number         0  stubs.o ABSOLUTE
    _printf_lli                              0x00000000   Number         0  stubs.o ABSOLUTE
    _printf_llo                              0x00000000   Number         0  stubs.o ABSOLUTE
    _printf_llu                              0x00000000   Number         0  stubs.o ABSOLUTE
    _printf_llx                              0x00000000   Number         0  stubs.o ABSOLUTE
    _printf_longlong_dec                     0x00000000   Number         0  stubs.o ABSOLUTE
    _printf_longlong_hex                     0x00000000   Number         0  stubs.o ABSOLUTE
    _printf_longlong_oct                     0x00000000   Number         0  stubs.o ABSOLUTE
    _printf_ls                               0x00000000   Number         0  stubs.o ABSOLUTE
    _printf_mbtowc                           0x00000000   Number         0  stubs.o ABSOLUTE
    _printf_n                                0x00000000   Number         0  stubs.o ABSOLUTE
    _printf_o                                0x00000000   Number         0  stubs.o ABSOLUTE
    _printf_p                                0x00000000   Number         0  stubs.o ABSOLUTE
    _printf_percent                          0x00000000   Number         0  stubs.o ABSOLUTE
    _printf_pre_padding                      0x00000000   Number         0  stubs.o ABSOLUTE
    _printf_return_value                     0x00000000   Number         0  stubs.o ABSOLUTE
    _printf_s                                0x00000000   Number         0  stubs.o ABSOLUTE
    _printf_sizespec                         0x00000000   Number         0  stubs.o ABSOLUTE
    _printf_str                              0x00000000   Number         0  stubs.o ABSOLUTE
    _printf_truncate_signed                  0x00000000   Number         0  stubs.o ABSOLUTE
    _printf_truncate_unsigned                0x00000000   Number         0  stubs.o ABSOLUTE
    _printf_u                                0x00000000   Number         0  stubs.o ABSOLUTE
    _printf_wc                               0x00000000   Number         0  stubs.o ABSOLUTE
    _printf_wctomb                           0x00000000   Number         0  stubs.o ABSOLUTE
    _printf_widthprec                        0x00000000   Number         0  stubs.o ABSOLUTE
    _printf_x                                0x00000000   Number         0  stubs.o ABSOLUTE
    __cpp_initialize__aeabi_                  - Undefined Weak Reference
    __cxa_finalize                            - Undefined Weak Reference
    _clock_init                               - Undefined Weak Reference
    _microlib_exit                            - Undefined Weak Reference
    __Vectors_Size                           0x000001ac   Number         0  startup_stm32f429_439xx.o ABSOLUTE
    __Vectors                                0x08000000   Data           4  startup_stm32f429_439xx.o(RESET)
    __Vectors_End                            0x080001ac   Data           0  startup_stm32f429_439xx.o(RESET)
    __main                                   0x080001ad   Thumb Code     0  entry.o(.ARM.Collect$$$$00000000)
    _main_stk                                0x080001ad   Thumb Code     0  entry2.o(.ARM.Collect$$$$00000001)
    _main_scatterload                        0x080001b1   Thumb Code     0  entry5.o(.ARM.Collect$$$$00000004)
    __main_after_scatterload                 0x080001b5   Thumb Code     0  entry5.o(.ARM.Collect$$$$00000004)
    _main_clock                              0x080001b5   Thumb Code     0  entry7b.o(.ARM.Collect$$$$00000008)
    _main_cpp_init                           0x080001b5   Thumb Code     0  entry8b.o(.ARM.Collect$$$$0000000A)
    _main_init                               0x080001b5   Thumb Code     0  entry9a.o(.ARM.Collect$$$$0000000B)
    __rt_final_cpp                           0x080001bd   Thumb Code     0  entry10a.o(.ARM.Collect$$$$0000000D)
    __rt_final_exit                          0x080001bd   Thumb Code     0  entry11a.o(.ARM.Collect$$$$0000000F)
    Reset_Handler                            0x080001c1   Thumb Code     8  startup_stm32f429_439xx.o(.text)
    ADC_IRQHandler                           0x080001db   Thumb Code     0  startup_stm32f429_439xx.o(.text)
    CAN1_RX0_IRQHandler                      0x080001db   Thumb Code     0  startup_stm32f429_439xx.o(.text)
    CAN1_RX1_IRQHandler                      0x080001db   Thumb Code     0  startup_stm32f429_439xx.o(.text)
    CAN1_SCE_IRQHandler                      0x080001db   Thumb Code     0  startup_stm32f429_439xx.o(.text)
    CAN1_TX_IRQHandler                       0x080001db   Thumb Code     0  startup_stm32f429_439xx.o(.text)
    CAN2_RX0_IRQHandler                      0x080001db   Thumb Code     0  startup_stm32f429_439xx.o(.text)
    CAN2_RX1_IRQHandler                      0x080001db   Thumb Code     0  startup_stm32f429_439xx.o(.text)
    CAN2_SCE_IRQHandler                      0x080001db   Thumb Code     0  startup_stm32f429_439xx.o(.text)
    CAN2_TX_IRQHandler                       0x080001db   Thumb Code     0  startup_stm32f429_439xx.o(.text)
    CRYP_IRQHandler                          0x080001db   Thumb Code     0  startup_stm32f429_439xx.o(.text)
    DCMI_IRQHandler                          0x080001db   Thumb Code     0  startup_stm32f429_439xx.o(.text)
    DMA1_Stream0_IRQHandler                  0x080001db   Thumb Code     0  startup_stm32f429_439xx.o(.text)
    DMA1_Stream1_IRQHandler                  0x080001db   Thumb Code     0  startup_stm32f429_439xx.o(.text)
    DMA1_Stream2_IRQHandler                  0x080001db   Thumb Code     0  startup_stm32f429_439xx.o(.text)
    DMA1_Stream3_IRQHandler                  0x080001db   Thumb Code     0  startup_stm32f429_439xx.o(.text)
    DMA1_Stream4_IRQHandler                  0x080001db   Thumb Code     0  startup_stm32f429_439xx.o(.text)
    DMA1_Stream5_IRQHandler                  0x080001db   Thumb Code     0  startup_stm32f429_439xx.o(.text)
    DMA1_Stream6_IRQHandler                  0x080001db   Thumb Code     0  startup_stm32f429_439xx.o(.text)
    DMA1_Stream7_IRQHandler                  0x080001db   Thumb Code     0  startup_stm32f429_439xx.o(.text)
    DMA2D_IRQHandler                         0x080001db   Thumb Code     0  startup_stm32f429_439xx.o(.text)
    DMA2_Stream0_IRQHandler                  0x080001db   Thumb Code     0  startup_stm32f429_439xx.o(.text)
    DMA2_Stream1_IRQHandler                  0x080001db   Thumb Code     0  startup_stm32f429_439xx.o(.text)
    DMA2_Stream2_IRQHandler                  0x080001db   Thumb Code     0  startup_stm32f429_439xx.o(.text)
    DMA2_Stream4_IRQHandler                  0x080001db   Thumb Code     0  startup_stm32f429_439xx.o(.text)
    DMA2_Stream5_IRQHandler                  0x080001db   Thumb Code     0  startup_stm32f429_439xx.o(.text)
    DMA2_Stream6_IRQHandler                  0x080001db   Thumb Code     0  startup_stm32f429_439xx.o(.text)
    DMA2_Stream7_IRQHandler                  0x080001db   Thumb Code     0  startup_stm32f429_439xx.o(.text)
    ETH_IRQHandler                           0x080001db   Thumb Code     0  startup_stm32f429_439xx.o(.text)
    ETH_WKUP_IRQHandler                      0x080001db   Thumb Code     0  startup_stm32f429_439xx.o(.text)
    EXTI0_IRQHandler                         0x080001db   Thumb Code     0  startup_stm32f429_439xx.o(.text)
    EXTI15_10_IRQHandler                     0x080001db   Thumb Code     0  startup_stm32f429_439xx.o(.text)
    EXTI1_IRQHandler                         0x080001db   Thumb Code     0  startup_stm32f429_439xx.o(.text)
    EXTI2_IRQHandler                         0x080001db   Thumb Code     0  startup_stm32f429_439xx.o(.text)
    EXTI3_IRQHandler                         0x080001db   Thumb Code     0  startup_stm32f429_439xx.o(.text)
    EXTI4_IRQHandler                         0x080001db   Thumb Code     0  startup_stm32f429_439xx.o(.text)
    EXTI9_5_IRQHandler                       0x080001db   Thumb Code     0  startup_stm32f429_439xx.o(.text)
    FLASH_IRQHandler                         0x080001db   Thumb Code     0  startup_stm32f429_439xx.o(.text)
    FMC_IRQHandler                           0x080001db   Thumb Code     0  startup_stm32f429_439xx.o(.text)
    FPU_IRQHandler                           0x080001db   Thumb Code     0  startup_stm32f429_439xx.o(.text)
    HASH_RNG_IRQHandler                      0x080001db   Thumb Code     0  startup_stm32f429_439xx.o(.text)
    I2C1_ER_IRQHandler                       0x080001db   Thumb Code     0  startup_stm32f429_439xx.o(.text)
    I2C1_EV_IRQHandler                       0x080001db   Thumb Code     0  startup_stm32f429_439xx.o(.text)
    I2C2_ER_IRQHandler                       0x080001db   Thumb Code     0  startup_stm32f429_439xx.o(.text)
    I2C2_EV_IRQHandler                       0x080001db   Thumb Code     0  startup_stm32f429_439xx.o(.text)
    I2C3_ER_IRQHandler                       0x080001db   Thumb Code     0  startup_stm32f429_439xx.o(.text)
    I2C3_EV_IRQHandler                       0x080001db   Thumb Code     0  startup_stm32f429_439xx.o(.text)
    LTDC_ER_IRQHandler                       0x080001db   Thumb Code     0  startup_stm32f429_439xx.o(.text)
    LTDC_IRQHandler                          0x080001db   Thumb Code     0  startup_stm32f429_439xx.o(.text)
    OTG_FS_IRQHandler                        0x080001db   Thumb Code     0  startup_stm32f429_439xx.o(.text)
    OTG_FS_WKUP_IRQHandler                   0x080001db   Thumb Code     0  startup_stm32f429_439xx.o(.text)
    OTG_HS_EP1_IN_IRQHandler                 0x080001db   Thumb Code     0  startup_stm32f429_439xx.o(.text)
    OTG_HS_EP1_OUT_IRQHandler                0x080001db   Thumb Code     0  startup_stm32f429_439xx.o(.text)
    OTG_HS_IRQHandler                        0x080001db   Thumb Code     0  startup_stm32f429_439xx.o(.text)
    OTG_HS_WKUP_IRQHandler                   0x080001db   Thumb Code     0  startup_stm32f429_439xx.o(.text)
    PVD_IRQHandler                           0x080001db   Thumb Code     0  startup_stm32f429_439xx.o(.text)
    RCC_IRQHandler                           0x080001db   Thumb Code     0  startup_stm32f429_439xx.o(.text)
    RTC_Alarm_IRQHandler                     0x080001db   Thumb Code     0  startup_stm32f429_439xx.o(.text)
    RTC_WKUP_IRQHandler                      0x080001db   Thumb Code     0  startup_stm32f429_439xx.o(.text)
    SAI1_IRQHandler                          0x080001db   Thumb Code     0  startup_stm32f429_439xx.o(.text)
    SPI1_IRQHandler                          0x080001db   Thumb Code     0  startup_stm32f429_439xx.o(.text)
    SPI2_IRQHandler                          0x080001db   Thumb Code     0  startup_stm32f429_439xx.o(.text)
    SPI3_IRQHandler                          0x080001db   Thumb Code     0  startup_stm32f429_439xx.o(.text)
    SPI4_IRQHandler                          0x080001db   Thumb Code     0  startup_stm32f429_439xx.o(.text)
    SPI5_IRQHandler                          0x080001db   Thumb Code     0  startup_stm32f429_439xx.o(.text)
    SPI6_IRQHandler                          0x080001db   Thumb Code     0  startup_stm32f429_439xx.o(.text)
    TAMP_STAMP_IRQHandler                    0x080001db   Thumb Code     0  startup_stm32f429_439xx.o(.text)
    TIM1_BRK_TIM9_IRQHandler                 0x080001db   Thumb Code     0  startup_stm32f429_439xx.o(.text)
    TIM1_CC_IRQHandler                       0x080001db   Thumb Code     0  startup_stm32f429_439xx.o(.text)
    TIM1_TRG_COM_TIM11_IRQHandler            0x080001db   Thumb Code     0  startup_stm32f429_439xx.o(.text)
    TIM1_UP_TIM10_IRQHandler                 0x080001db   Thumb Code     0  startup_stm32f429_439xx.o(.text)
    TIM2_IRQHandler                          0x080001db   Thumb Code     0  startup_stm32f429_439xx.o(.text)
    TIM3_IRQHandler                          0x080001db   Thumb Code     0  startup_stm32f429_439xx.o(.text)
    TIM4_IRQHandler                          0x080001db   Thumb Code     0  startup_stm32f429_439xx.o(.text)
    TIM5_IRQHandler                          0x080001db   Thumb Code     0  startup_stm32f429_439xx.o(.text)
    TIM6_DAC_IRQHandler                      0x080001db   Thumb Code     0  startup_stm32f429_439xx.o(.text)
    TIM7_IRQHandler                          0x080001db   Thumb Code     0  startup_stm32f429_439xx.o(.text)
    TIM8_BRK_TIM12_IRQHandler                0x080001db   Thumb Code     0  startup_stm32f429_439xx.o(.text)
    TIM8_CC_IRQHandler                       0x080001db   Thumb Code     0  startup_stm32f429_439xx.o(.text)
    TIM8_TRG_COM_TIM14_IRQHandler            0x080001db   Thumb Code     0  startup_stm32f429_439xx.o(.text)
    TIM8_UP_TIM13_IRQHandler                 0x080001db   Thumb Code     0  startup_stm32f429_439xx.o(.text)
    UART4_IRQHandler                         0x080001db   Thumb Code     0  startup_stm32f429_439xx.o(.text)
    UART5_IRQHandler                         0x080001db   Thumb Code     0  startup_stm32f429_439xx.o(.text)
    UART7_IRQHandler                         0x080001db   Thumb Code     0  startup_stm32f429_439xx.o(.text)
    UART8_IRQHandler                         0x080001db   Thumb Code     0  startup_stm32f429_439xx.o(.text)
    USART1_IRQHandler                        0x080001db   Thumb Code     0  startup_stm32f429_439xx.o(.text)
    USART2_IRQHandler                        0x080001db   Thumb Code     0  startup_stm32f429_439xx.o(.text)
    USART3_IRQHandler                        0x080001db   Thumb Code     0  startup_stm32f429_439xx.o(.text)
    USART6_IRQHandler                        0x080001db   Thumb Code     0  startup_stm32f429_439xx.o(.text)
    WWDG_IRQHandler                          0x080001db   Thumb Code     0  startup_stm32f429_439xx.o(.text)
    rt_hw_interrupt_disable                  0x080001e5   Thumb Code     8  context_rvds.o(.text)
    rt_hw_interrupt_enable                   0x080001ed   Thumb Code     6  context_rvds.o(.text)
    rt_hw_context_switch                     0x080001f3   Thumb Code    32  context_rvds.o(.text)
    rt_hw_context_switch_interrupt           0x080001f3   Thumb Code     0  context_rvds.o(.text)
    PendSV_Handler                           0x08000213   Thumb Code    60  context_rvds.o(.text)
    rt_hw_context_switch_to                  0x0800024f   Thumb Code    58  context_rvds.o(.text)
    rt_hw_interrupt_thread_switch            0x08000289   Thumb Code     2  context_rvds.o(.text)
    HardFault_Handler                        0x0800028b   Thumb Code    20  context_rvds.o(.text)
    __aeabi_uldivmod                         0x080002b9   Thumb Code    98  uldiv.o(.text)
    __aeabi_memcpy                           0x0800031b   Thumb Code    36  memcpya.o(.text)
    __aeabi_memcpy4                          0x0800031b   Thumb Code     0  memcpya.o(.text)
    __aeabi_memcpy8                          0x0800031b   Thumb Code     0  memcpya.o(.text)
    __aeabi_uidiv                            0x0800033f   Thumb Code     0  uidiv.o(.text)
    __aeabi_uidivmod                         0x0800033f   Thumb Code    44  uidiv.o(.text)
    __aeabi_llsl                             0x0800036b   Thumb Code    30  llshl.o(.text)
    _ll_shift_l                              0x0800036b   Thumb Code     0  llshl.o(.text)
    __aeabi_llsr                             0x08000389   Thumb Code    32  llushr.o(.text)
    _ll_ushift_r                             0x08000389   Thumb Code     0  llushr.o(.text)
    __scatterload                            0x080003a9   Thumb Code    28  init.o(.text)
    __scatterload_rt2                        0x080003a9   Thumb Code     0  init.o(.text)
    __decompress                             0x080003cd   Thumb Code     0  __dczerorl2.o(.text)
    __decompress1                            0x080003cd   Thumb Code    86  __dczerorl2.o(.text)
    main                                     0x08000423   Thumb Code    14  components.o(i.$Sub$$main)
    BusFault_Handler                         0x08000471   Thumb Code     4  stm32f4xx_it.o(i.BusFault_Handler)
    DMA2_Stream3_IRQHandler                  0x08000741   Thumb Code    20  bsp_sdio_sd.o(i.DMA2_Stream3_IRQHandler)
    DMA_ClearFlag                            0x08000755   Thumb Code    38  stm32f4xx_dma.o(i.DMA_ClearFlag)
    DMA_Cmd                                  0x08000789   Thumb Code    22  stm32f4xx_dma.o(i.DMA_Cmd)
    DMA_DeInit                               0x080007a1   Thumb Code   324  stm32f4xx_dma.o(i.DMA_DeInit)
    DMA_FlowControllerConfig                 0x080008f9   Thumb Code    22  stm32f4xx_dma.o(i.DMA_FlowControllerConfig)
    DMA_ITConfig                             0x0800090f   Thumb Code    58  stm32f4xx_dma.o(i.DMA_ITConfig)
    DMA_Init                                 0x08000949   Thumb Code    82  stm32f4xx_dma.o(i.DMA_Init)
    DebugMon_Handler                         0x080009a1   Thumb Code     2  stm32f4xx_it.o(i.DebugMon_Handler)
    Debug_USART_Config                       0x080009a5   Thumb Code   144  bsp_debug_usart.o(i.Debug_USART_Config)
    FileSystem_Init                          0x08000a3d   Thumb Code   134  fatfs_test.o(i.FileSystem_Init)
    FileSystem_Test                          0x08000ba5   Thumb Code   206  fatfs_test.o(i.FileSystem_Test)
    GPIO_Init                                0x08000fc9   Thumb Code   144  stm32f4xx_gpio.o(i.GPIO_Init)
    GPIO_PinAFConfig                         0x08001059   Thumb Code    70  stm32f4xx_gpio.o(i.GPIO_PinAFConfig)
    GPIO_ResetBits                           0x0800109f   Thumb Code     4  stm32f4xx_gpio.o(i.GPIO_ResetBits)
    LED_GPIO_Config                          0x080010a5   Thumb Code   118  bsp_led.o(i.LED_GPIO_Config)
    MemManage_Handler                        0x08001125   Thumb Code     4  stm32f4xx_it.o(i.MemManage_Handler)
    NMI_Handler                              0x08001129   Thumb Code     2  stm32f4xx_it.o(i.NMI_Handler)
    NVIC_Init                                0x0800112d   Thumb Code   106  misc.o(i.NVIC_Init)
    NVIC_PriorityGroupConfig                 0x080011a5   Thumb Code    10  misc.o(i.NVIC_PriorityGroupConfig)
    RCC_AHB1PeriphClockCmd                   0x080011b9   Thumb Code    26  stm32f4xx_rcc.o(i.RCC_AHB1PeriphClockCmd)
    RCC_APB2PeriphClockCmd                   0x080011d9   Thumb Code    26  stm32f4xx_rcc.o(i.RCC_APB2PeriphClockCmd)
    RCC_APB2PeriphResetCmd                   0x080011f9   Thumb Code    26  stm32f4xx_rcc.o(i.RCC_APB2PeriphResetCmd)
    RCC_GetClocksFreq                        0x08001219   Thumb Code   214  stm32f4xx_rcc.o(i.RCC_GetClocksFreq)
    SDIO_ClearFlag                           0x0800141d   Thumb Code     6  stm32f4xx_sdio.o(i.SDIO_ClearFlag)
    SDIO_ClearITPendingBit                   0x08001429   Thumb Code     6  stm32f4xx_sdio.o(i.SDIO_ClearITPendingBit)
    SDIO_ClockCmd                            0x08001435   Thumb Code     6  stm32f4xx_sdio.o(i.SDIO_ClockCmd)
    SDIO_DMACmd                              0x08001441   Thumb Code     6  stm32f4xx_sdio.o(i.SDIO_DMACmd)
    SDIO_DataConfig                          0x0800144d   Thumb Code    46  stm32f4xx_sdio.o(i.SDIO_DataConfig)
    SDIO_DeInit                              0x08001481   Thumb Code    22  stm32f4xx_sdio.o(i.SDIO_DeInit)
    SDIO_GetCommandResponse                  0x08001499   Thumb Code     8  stm32f4xx_sdio.o(i.SDIO_GetCommandResponse)
    SDIO_GetFlagStatus                       0x080014a5   Thumb Code    20  stm32f4xx_sdio.o(i.SDIO_GetFlagStatus)
    SDIO_GetITStatus                         0x080014bd   Thumb Code    20  stm32f4xx_sdio.o(i.SDIO_GetITStatus)
    SDIO_GetPowerState                       0x080014d5   Thumb Code    10  stm32f4xx_sdio.o(i.SDIO_GetPowerState)
    SDIO_GetResponse                         0x080014e5   Thumb Code    20  stm32f4xx_sdio.o(i.SDIO_GetResponse)
    SDIO_IRQHandler                          0x080014fd   Thumb Code    20  bsp_sdio_sd.o(i.SDIO_IRQHandler)
    SDIO_ITConfig                            0x08001511   Thumb Code    26  stm32f4xx_sdio.o(i.SDIO_ITConfig)
    SDIO_Init                                0x08001531   Thumb Code    42  stm32f4xx_sdio.o(i.SDIO_Init)
    SDIO_ReadData                            0x08001561   Thumb Code     6  stm32f4xx_sdio.o(i.SDIO_ReadData)
    SDIO_SendCommand                         0x0800156d   Thumb Code    40  stm32f4xx_sdio.o(i.SDIO_SendCommand)
    SDIO_SetPowerState                       0x08001599   Thumb Code     6  stm32f4xx_sdio.o(i.SDIO_SetPowerState)
    SD_Detect                                0x080015a5   Thumb Code    12  bsp_sdio_sd.o(i.SD_Detect)
    SD_EnableWideBusOperation                0x080015b1   Thumb Code   136  bsp_sdio_sd.o(i.SD_EnableWideBusOperation)
    SD_GetCardInfo                           0x08001641   Thumb Code   780  bsp_sdio_sd.o(i.SD_GetCardInfo)
    SD_GetState                              0x0800195d   Thumb Code    38  bsp_sdio_sd.o(i.SD_GetState)
    SD_GetStatus                             0x08001983   Thumb Code    30  bsp_sdio_sd.o(i.SD_GetStatus)
    SD_Init                                  0x080019a1   Thumb Code   182  bsp_sdio_sd.o(i.SD_Init)
    SD_InitializeCards                       0x08001a61   Thumb Code   294  bsp_sdio_sd.o(i.SD_InitializeCards)
    SD_LowLevel_DMA_RxConfig                 0x08001b9d   Thumb Code   136  bsp_sdio_sd.o(i.SD_LowLevel_DMA_RxConfig)
    SD_LowLevel_DMA_TxConfig                 0x08001c2d   Thumb Code   136  bsp_sdio_sd.o(i.SD_LowLevel_DMA_TxConfig)
    SD_LowLevel_Init                         0x08001cbd   Thumb Code   156  bsp_sdio_sd.o(i.SD_LowLevel_Init)
    SD_PowerON                               0x08001d61   Thumb Code   400  bsp_sdio_sd.o(i.SD_PowerON)
    SD_ProcessDMAIRQ                         0x08001f01   Thumb Code    32  bsp_sdio_sd.o(i.SD_ProcessDMAIRQ)
    SD_ProcessIRQSrc                         0x08001f29   Thumb Code   162  bsp_sdio_sd.o(i.SD_ProcessIRQSrc)
    SD_ReadMultiBlocks                       0x08001fd5   Thumb Code   220  bsp_sdio_sd.o(i.SD_ReadMultiBlocks)
    SD_SelectDeselect                        0x080020cd   Thumb Code    50  bsp_sdio_sd.o(i.SD_SelectDeselect)
    SD_SendStatus                            0x08002105   Thumb Code    74  bsp_sdio_sd.o(i.SD_SendStatus)
    SD_StopTransfer                          0x08002159   Thumb Code    46  bsp_sdio_sd.o(i.SD_StopTransfer)
    SD_WaitReadOperation                     0x0800218d   Thumb Code   108  bsp_sdio_sd.o(i.SD_WaitReadOperation)
    SD_WaitWriteOperation                    0x0800220d   Thumb Code   108  bsp_sdio_sd.o(i.SD_WaitWriteOperation)
    SD_WriteMultiBlocks                      0x0800228d   Thumb Code   312  bsp_sdio_sd.o(i.SD_WriteMultiBlocks)
    SVC_Handler                              0x080023e5   Thumb Code     2  stm32f4xx_it.o(i.SVC_Handler)
    SysTick_Handler                          0x08002509   Thumb Code    16  board.o(i.SysTick_Handler)
    SystemInit                               0x08002519   Thumb Code    74  system_stm32f4xx.o(i.SystemInit)
    USART_Cmd                                0x08002575   Thumb Code    24  stm32f4xx_usart.o(i.USART_Cmd)
    USART_GetFlagStatus                      0x0800258d   Thumb Code    26  stm32f4xx_usart.o(i.USART_GetFlagStatus)
    USART_Init                               0x080025a9   Thumb Code   204  stm32f4xx_usart.o(i.USART_Init)
    USART_SendData                           0x0800267d   Thumb Code     8  stm32f4xx_usart.o(i.USART_SendData)
    UsageFault_Handler                       0x08002685   Thumb Code     4  stm32f4xx_it.o(i.UsageFault_Handler)
    __0printf$1                              0x08002689   Thumb Code    22  printf1.o(i.__0printf$1)
    __1printf$1                              0x08002689   Thumb Code     0  printf1.o(i.__0printf$1)
    __2printf                                0x08002689   Thumb Code     0  printf1.o(i.__0printf$1)
    __rt_ffs                                 0x080026a9   Thumb Code    70  kservice.o(i.__rt_ffs)
    __scatterload_copy                       0x080026f5   Thumb Code    14  handlers.o(i.__scatterload_copy)
    __scatterload_null                       0x08002703   Thumb Code     2  handlers.o(i.__scatterload_null)
    __scatterload_zeroinit                   0x08002705   Thumb Code    14  handlers.o(i.__scatterload_zeroinit)
    clust2sect                               0x08002a15   Thumb Code    26  ff.o(i.clust2sect)
    disk_initialize                          0x0800328b   Thumb Code    42  diskio.o(i.disk_initialize)
    disk_ioctl                               0x080032b5   Thumb Code   104  diskio.o(i.disk_ioctl)
    disk_read                                0x08003321   Thumb Code   180  diskio.o(i.disk_read)
    disk_status                              0x080033d5   Thumb Code    28  diskio.o(i.disk_status)
    disk_write                               0x080033f1   Thumb Code   186  diskio.o(i.disk_write)
    f_close                                  0x080034ab   Thumb Code    44  ff.o(i.f_close)
    f_mkfs                                   0x080034d9   Thumb Code  1622  ff.o(i.f_mkfs)
    f_mount                                  0x08003b5d   Thumb Code   122  ff.o(i.f_mount)
    f_open                                   0x08003bdd   Thumb Code   390  ff.o(i.f_open)
    f_read                                   0x08003d63   Thumb Code   556  ff.o(i.f_read)
    f_sync                                   0x08003f8f   Thumb Code   192  ff.o(i.f_sync)
    f_write                                  0x0800404f   Thumb Code   616  ff.o(i.f_write)
    ff_convert                               0x080042b9   Thumb Code   116  cc936.o(i.ff_convert)
    ff_cre_syncobj                           0x08004335   Thumb Code    32  syscall.o(i.ff_cre_syncobj)
    ff_del_syncobj                           0x08004361   Thumb Code    16  syscall.o(i.ff_del_syncobj)
    ff_rel_grant                             0x08004371   Thumb Code    12  syscall.o(i.ff_rel_grant)
    ff_req_grant                             0x0800437d   Thumb Code    28  syscall.o(i.ff_req_grant)
    ff_wtoupper                              0x08004399   Thumb Code    84  cc936.o(i.ff_wtoupper)
    fputc                                    0x080048e9   Thumb Code    32  bsp_debug_usart.o(i.fputc)
    get_fat                                  0x080049d9   Thumb Code   318  ff.o(i.get_fat)
    get_fattime                              0x08004b19   Thumb Code     4  diskio.o(i.get_fattime)
    $Super$$main                             0x08004b99   Thumb Code    60  main.o(i.main)
    main_thread_entry                        0x08004c19   Thumb Code    14  components.o(i.main_thread_entry)
    put_fat                                  0x08004eb5   Thumb Code   392  ff.o(i.put_fat)
    rt_application_init                      0x080050a9   Thumb Code    32  components.o(i.rt_application_init)
    rt_components_board_init                 0x080050d5   Thumb Code    20  components.o(i.rt_components_board_init)
    rt_components_init                       0x080050f1   Thumb Code    20  components.o(i.rt_components_init)
    rt_enter_critical                        0x0800510d   Thumb Code    28  scheduler.o(i.rt_enter_critical)
    rt_exit_critical                         0x0800512d   Thumb Code    54  scheduler.o(i.rt_exit_critical)
    rt_free                                  0x08005169   Thumb Code   128  mem.o(i.rt_free)
    rt_heap_begin_get                        0x08005249   Thumb Code     4  board.o(i.rt_heap_begin_get)
    rt_heap_end_get                          0x08005251   Thumb Code     4  board.o(i.rt_heap_end_get)
    rt_hw_board_init                         0x08005259   Thumb Code   112  board.o(i.rt_hw_board_init)
    rt_hw_console_output                     0x080052d5   Thumb Code    74  board.o(i.rt_hw_console_output)
    rt_hw_hard_fault_exception               0x08005325   Thumb Code   108  cpuport.o(i.rt_hw_hard_fault_exception)
    rt_hw_stack_init                         0x08005431   Thumb Code    70  cpuport.o(i.rt_hw_stack_init)
    rt_interrupt_enter                       0x0800547d   Thumb Code    26  irq.o(i.rt_interrupt_enter)
    rt_interrupt_leave                       0x0800549d   Thumb Code    26  irq.o(i.rt_interrupt_leave)
    rt_kprintf                               0x08005581   Thumb Code    44  kservice.o(i.rt_kprintf)
    rt_malloc                                0x08005641   Thumb Code   336  mem.o(i.rt_malloc)
    rt_memset                                0x080057ad   Thumb Code    20  kservice.o(i.rt_memset)
    rt_mutex_create                          0x080057c1   Thumb Code    50  ipc.o(i.rt_mutex_create)
    rt_mutex_delete                          0x080057f3   Thumb Code    22  ipc.o(i.rt_mutex_delete)
    rt_mutex_release                         0x08005809   Thumb Code   150  ipc.o(i.rt_mutex_release)
    rt_mutex_take                            0x0800589f   Thumb Code   192  ipc.o(i.rt_mutex_take)
    rt_object_allocate                       0x0800595f   Thumb Code    74  object.o(i.rt_object_allocate)
    rt_object_delete                         0x080059a9   Thumb Code    32  object.o(i.rt_object_delete)
    rt_object_detach                         0x080059c9   Thumb Code    26  object.o(i.rt_object_detach)
    rt_object_get_information                0x080059e5   Thumb Code    36  object.o(i.rt_object_get_information)
    rt_object_init                           0x08005a0d   Thumb Code    60  object.o(i.rt_object_init)
    rt_object_is_systemobject                0x08005a49   Thumb Code    18  object.o(i.rt_object_is_systemobject)
    rt_schedule                              0x08005a5d   Thumb Code   118  scheduler.o(i.rt_schedule)
    rt_schedule_insert_thread                0x08005aed   Thumb Code    72  scheduler.o(i.rt_schedule_insert_thread)
    rt_schedule_remove_thread                0x08005b3d   Thumb Code    76  scheduler.o(i.rt_schedule_remove_thread)
    rt_sem_init                              0x08005b91   Thumb Code    38  ipc.o(i.rt_sem_init)
    rt_sem_release                           0x08005bb7   Thumb Code    58  ipc.o(i.rt_sem_release)
    rt_sem_take                              0x08005bf1   Thumb Code   116  ipc.o(i.rt_sem_take)
    rt_show_version                          0x08005c65   Thumb Code    38  kservice.o(i.rt_show_version)
    rt_strlen                                0x08005d15   Thumb Code    18  kservice.o(i.rt_strlen)
    rt_strncpy                               0x08005d27   Thumb Code    52  kservice.o(i.rt_strncpy)
    rt_system_heap_init                      0x08005d5d   Thumb Code   160  mem.o(i.rt_system_heap_init)
    rt_system_scheduler_init                 0x08005e55   Thumb Code    52  scheduler.o(i.rt_system_scheduler_init)
    rt_system_scheduler_start                0x08005ea1   Thumb Code    36  scheduler.o(i.rt_system_scheduler_start)
    rt_system_timer_init                     0x08005ed1   Thumb Code    24  timer.o(i.rt_system_timer_init)
    rt_system_timer_thread_init              0x08005eed   Thumb Code     2  timer.o(i.rt_system_timer_thread_init)
    rt_thread_control                        0x08005eef   Thumb Code   118  thread.o(i.rt_thread_control)
    rt_thread_create                         0x08005f65   Thumb Code    80  thread.o(i.rt_thread_create)
    rt_thread_delay                          0x08005fb5   Thumb Code    12  thread.o(i.rt_thread_delay)
    rt_thread_delete                         0x08005fc1   Thumb Code    60  thread.o(i.rt_thread_delete)
    rt_thread_exit                           0x08006001   Thumb Code    76  thread.o(i.rt_thread_exit)
    rt_thread_idle_excute                    0x0800605d   Thumb Code   128  idle.o(i.rt_thread_idle_excute)
    rt_thread_idle_init                      0x080060e1   Thumb Code    38  idle.o(i.rt_thread_idle_init)
    rt_thread_init                           0x0800611d   Thumb Code    52  thread.o(i.rt_thread_init)
    rt_thread_resume                         0x08006151   Thumb Code    60  thread.o(i.rt_thread_resume)
    rt_thread_self                           0x0800618d   Thumb Code     6  thread.o(i.rt_thread_self)
    rt_thread_sleep                          0x08006199   Thumb Code    62  thread.o(i.rt_thread_sleep)
    rt_thread_startup                        0x080061dd   Thumb Code    44  thread.o(i.rt_thread_startup)
    rt_thread_suspend                        0x08006209   Thumb Code    68  thread.o(i.rt_thread_suspend)
    rt_thread_timeout                        0x0800624d   Thumb Code    32  thread.o(i.rt_thread_timeout)
    rt_thread_yield                          0x0800626d   Thumb Code    92  thread.o(i.rt_thread_yield)
    rt_tick_get                              0x080062d1   Thumb Code     6  clock.o(i.rt_tick_get)
    rt_tick_increase                         0x080062dd   Thumb Code    42  clock.o(i.rt_tick_increase)
    rt_timer_check                           0x0800630d   Thumb Code   118  timer.o(i.rt_timer_check)
    rt_timer_control                         0x08006389   Thumb Code    56  timer.o(i.rt_timer_control)
    rt_timer_detach                          0x080063c1   Thumb Code    32  timer.o(i.rt_timer_detach)
    rt_timer_init                            0x080063e1   Thumb Code    46  timer.o(i.rt_timer_init)
    rt_timer_start                           0x08006411   Thumb Code   238  timer.o(i.rt_timer_start)
    rt_timer_stop                            0x08006509   Thumb Code    48  timer.o(i.rt_timer_stop)
    rt_vsnprintf                             0x08006539   Thumb Code   800  kservice.o(i.rt_vsnprintf)
    rtthread_startup                         0x08006871   Thumb Code    42  components.o(i.rtthread_startup)
    __lowest_bit_bitmap                      0x08031b88   Data         256  kservice.o(.constdata)
    __rt_init_rti_start                      0x08031cac   Data           4  components.o(.rti_fn.0)
    __rt_init_rti_board_start                0x08031cb0   Data           4  components.o(.rti_fn.0.end)
    __rt_init_rti_board_end                  0x08031cb4   Data           4  components.o(.rti_fn.1.end)
    __rt_init_rti_end                        0x08031cb8   Data           4  components.o(.rti_fn.6.end)
    Region$$Table$$Base                      0x08031cbc   Number         0  anon$$obj.o(Region$$Table)
    Region$$Table$$Limit                     0x08031cdc   Number         0  anon$$obj.o(Region$$Table)
    SystemCoreClock                          0x20000000   Data           4  system_stm32f4xx.o(.data)
    AHBPrescTable                            0x20000004   Data          16  system_stm32f4xx.o(.data)
    StopCondition                            0x20000030   Data           4  bsp_sdio_sd.o(.data)
    TransferError                            0x20000034   Data           1  bsp_sdio_sd.o(.data)
    TransferEnd                              0x20000038   Data           4  bsp_sdio_sd.o(.data)
    DMAEndOfTransfer                         0x2000003c   Data           4  bsp_sdio_sd.o(.data)
    res_sd                                   0x20000040   Data           1  fatfs_test.o(.data)
    fnum                                     0x20000044   Data           4  fatfs_test.o(.data)
    WriteBuffer                              0x20000048   Data          68  fatfs_test.o(.data)
    rt_interrupt_nest                        0x2000009c   Data           1  irq.o(.data)
    rt_current_thread                        0x2000013c   Data           4  scheduler.o(.data)
    rt_current_priority                      0x20000140   Data           1  scheduler.o(.data)
    rt_thread_ready_priority_group           0x20000144   Data           4  scheduler.o(.data)
    rt_thread_defunct                        0x20000148   Data           8  scheduler.o(.data)
    rt_interrupt_from_thread                 0x2000015c   Data           4  cpuport.o(.data)
    rt_interrupt_to_thread                   0x20000160   Data           4  cpuport.o(.data)
    rt_thread_switch_interrupt_flag          0x20000164   Data           4  cpuport.o(.data)
    __stdout                                 0x2000016c   Data           4  stdout.o(.data)
    SDCardInfo                               0x200001a0   Data          88  bsp_sdio_sd.o(.bss)
    SDIO_InitStructure                       0x200001f8   Data          24  bsp_sdio_sd.o(.bss)
    SDIO_CmdInitStructure                    0x20000210   Data          20  bsp_sdio_sd.o(.bss)
    SDIO_DataInitStructure                   0x20000224   Data          24  bsp_sdio_sd.o(.bss)
    fs                                       0x2000023c   Data        4148  fatfs_test.o(.bss)
    fnew                                     0x20001270   Data        4132  fatfs_test.o(.bss)
    ReadBuffer                               0x20002294   Data        1024  fatfs_test.o(.bss)
    rt_thread_priority_table                 0x2000c8b4   Data          64  scheduler.o(.bss)
    __initial_sp                             0x2000ccf8   Data           0  startup_stm32f429_439xx.o(STACK)



==============================================================================

Memory Map of the image

  Image Entry point : 0x080001ad

  Load Region LR_IROM1 (Base: 0x08000000, Size: 0x00031e4c, Max: 0x00100000, ABSOLUTE, COMPRESSED[0x00031d7c])

    Execution Region ER_IROM1 (Exec base: 0x08000000, Load base: 0x08000000, Size: 0x00031cdc, Max: 0x00100000, ABSOLUTE)

    Exec Addr    Load Addr    Size         Type   Attr      Idx    E Section Name        Object

    0x08000000   0x08000000   0x000001ac   Data   RO            3    RESET               startup_stm32f429_439xx.o
    0x080001ac   0x080001ac   0x00000000   Code   RO         7395  * .ARM.Collect$$$$00000000  mc_w.l(entry.o)
    0x080001ac   0x080001ac   0x00000004   Code   RO         7667    .ARM.Collect$$$$00000001  mc_w.l(entry2.o)
    0x080001b0   0x080001b0   0x00000004   Code   RO         7670    .ARM.Collect$$$$00000004  mc_w.l(entry5.o)
    0x080001b4   0x080001b4   0x00000000   Code   RO         7672    .ARM.Collect$$$$00000008  mc_w.l(entry7b.o)
    0x080001b4   0x080001b4   0x00000000   Code   RO         7674    .ARM.Collect$$$$0000000A  mc_w.l(entry8b.o)
    0x080001b4   0x080001b4   0x00000008   Code   RO         7675    .ARM.Collect$$$$0000000B  mc_w.l(entry9a.o)
    0x080001bc   0x080001bc   0x00000000   Code   RO         7677    .ARM.Collect$$$$0000000D  mc_w.l(entry10a.o)
    0x080001bc   0x080001bc   0x00000000   Code   RO         7679    .ARM.Collect$$$$0000000F  mc_w.l(entry11a.o)
    0x080001bc   0x080001bc   0x00000004   Code   RO         7668    .ARM.Collect$$$$00002712  mc_w.l(entry2.o)
    0x080001c0   0x080001c0   0x00000024   Code   RO            4    .text               startup_stm32f429_439xx.o
    0x080001e4   0x080001e4   0x000000d4   Code   RO         7391    .text               context_rvds.o
    0x080002b8   0x080002b8   0x00000062   Code   RO         7398    .text               mc_w.l(uldiv.o)
    0x0800031a   0x0800031a   0x00000024   Code   RO         7400    .text               mc_w.l(memcpya.o)
    0x0800033e   0x0800033e   0x0000002c   Code   RO         7682    .text               mc_w.l(uidiv.o)
    0x0800036a   0x0800036a   0x0000001e   Code   RO         7684    .text               mc_w.l(llshl.o)
    0x08000388   0x08000388   0x00000020   Code   RO         7686    .text               mc_w.l(llushr.o)
    0x080003a8   0x080003a8   0x00000024   Code   RO         7699    .text               mc_w.l(init.o)
    0x080003cc   0x080003cc   0x00000056   Code   RO         7713    .text               mc_w.l(__dczerorl2.o)
    0x08000422   0x08000422   0x0000000e   Code   RO         6284    i.$Sub$$main        components.o
    0x08000430   0x08000430   0x00000040   Code   RO         5673    i.BL8782_PDN_INIT   fatfs_test.o
    0x08000470   0x08000470   0x00000004   Code   RO         5269    i.BusFault_Handler  stm32f4xx_it.o
    0x08000474   0x08000474   0x0000002c   Code   RO         5396    i.CmdError          bsp_sdio_sd.o
    0x080004a0   0x080004a0   0x00000134   Code   RO         5397    i.CmdResp1Error     bsp_sdio_sd.o
    0x080005d4   0x080005d4   0x0000004c   Code   RO         5398    i.CmdResp2Error     bsp_sdio_sd.o
    0x08000620   0x08000620   0x00000038   Code   RO         5399    i.CmdResp3Error     bsp_sdio_sd.o
    0x08000658   0x08000658   0x0000009c   Code   RO         5400    i.CmdResp6Error     bsp_sdio_sd.o
    0x080006f4   0x080006f4   0x0000004c   Code   RO         5401    i.CmdResp7Error     bsp_sdio_sd.o
    0x08000740   0x08000740   0x00000014   Code   RO         5402    i.DMA2_Stream3_IRQHandler  bsp_sdio_sd.o
    0x08000754   0x08000754   0x00000034   Code   RO         1220    i.DMA_ClearFlag     stm32f4xx_dma.o
    0x08000788   0x08000788   0x00000016   Code   RO         1222    i.DMA_Cmd           stm32f4xx_dma.o
    0x0800079e   0x0800079e   0x00000002   PAD
    0x080007a0   0x080007a0   0x00000158   Code   RO         1223    i.DMA_DeInit        stm32f4xx_dma.o
    0x080008f8   0x080008f8   0x00000016   Code   RO         1226    i.DMA_FlowControllerConfig  stm32f4xx_dma.o
    0x0800090e   0x0800090e   0x0000003a   Code   RO         1233    i.DMA_ITConfig      stm32f4xx_dma.o
    0x08000948   0x08000948   0x00000058   Code   RO         1234    i.DMA_Init          stm32f4xx_dma.o
    0x080009a0   0x080009a0   0x00000002   Code   RO         5270    i.DebugMon_Handler  stm32f4xx_it.o
    0x080009a2   0x080009a2   0x00000002   PAD
    0x080009a4   0x080009a4   0x00000098   Code   RO         5326    i.Debug_USART_Config  bsp_debug_usart.o
    0x08000a3c   0x08000a3c   0x00000168   Code   RO         5674    i.FileSystem_Init   fatfs_test.o
    0x08000ba4   0x08000ba4   0x00000290   Code   RO         5675    i.FileSystem_Test   fatfs_test.o
    0x08000e34   0x08000e34   0x00000194   Code   RO         5403    i.FindSCR           bsp_sdio_sd.o
    0x08000fc8   0x08000fc8   0x00000090   Code   RO         2046    i.GPIO_Init         stm32f4xx_gpio.o
    0x08001058   0x08001058   0x00000046   Code   RO         2047    i.GPIO_PinAFConfig  stm32f4xx_gpio.o
    0x0800109e   0x0800109e   0x00000004   Code   RO         2053    i.GPIO_ResetBits    stm32f4xx_gpio.o
    0x080010a2   0x080010a2   0x00000002   PAD
    0x080010a4   0x080010a4   0x00000080   Code   RO         5369    i.LED_GPIO_Config   bsp_led.o
    0x08001124   0x08001124   0x00000004   Code   RO         5271    i.MemManage_Handler  stm32f4xx_it.o
    0x08001128   0x08001128   0x00000002   Code   RO         5272    i.NMI_Handler       stm32f4xx_it.o
    0x0800112a   0x0800112a   0x00000002   PAD
    0x0800112c   0x0800112c   0x00000078   Code   RO          164    i.NVIC_Init         misc.o
    0x080011a4   0x080011a4   0x00000014   Code   RO          165    i.NVIC_PriorityGroupConfig  misc.o
    0x080011b8   0x080011b8   0x00000020   Code   RO         2960    i.RCC_AHB1PeriphClockCmd  stm32f4xx_rcc.o
    0x080011d8   0x080011d8   0x00000020   Code   RO         2972    i.RCC_APB2PeriphClockCmd  stm32f4xx_rcc.o
    0x080011f8   0x080011f8   0x00000020   Code   RO         2974    i.RCC_APB2PeriphResetCmd  stm32f4xx_rcc.o
    0x08001218   0x08001218   0x000000e8   Code   RO         2981    i.RCC_GetClocksFreq  stm32f4xx_rcc.o
    0x08001300   0x08001300   0x0000011c   Code   RO         5405    i.SDEnWideBus       bsp_sdio_sd.o
    0x0800141c   0x0800141c   0x0000000c   Code   RO         3891    i.SDIO_ClearFlag    stm32f4xx_sdio.o
    0x08001428   0x08001428   0x0000000c   Code   RO         3892    i.SDIO_ClearITPendingBit  stm32f4xx_sdio.o
    0x08001434   0x08001434   0x0000000c   Code   RO         3893    i.SDIO_ClockCmd     stm32f4xx_sdio.o
    0x08001440   0x08001440   0x0000000c   Code   RO         3896    i.SDIO_DMACmd       stm32f4xx_sdio.o
    0x0800144c   0x0800144c   0x00000034   Code   RO         3897    i.SDIO_DataConfig   stm32f4xx_sdio.o
    0x08001480   0x08001480   0x00000016   Code   RO         3899    i.SDIO_DeInit       stm32f4xx_sdio.o
    0x08001496   0x08001496   0x00000002   PAD
    0x08001498   0x08001498   0x0000000c   Code   RO         3900    i.SDIO_GetCommandResponse  stm32f4xx_sdio.o
    0x080014a4   0x080014a4   0x00000018   Code   RO         3903    i.SDIO_GetFlagStatus  stm32f4xx_sdio.o
    0x080014bc   0x080014bc   0x00000018   Code   RO         3904    i.SDIO_GetITStatus  stm32f4xx_sdio.o
    0x080014d4   0x080014d4   0x00000010   Code   RO         3905    i.SDIO_GetPowerState  stm32f4xx_sdio.o
    0x080014e4   0x080014e4   0x00000018   Code   RO         3906    i.SDIO_GetResponse  stm32f4xx_sdio.o
    0x080014fc   0x080014fc   0x00000014   Code   RO         5406    i.SDIO_IRQHandler   bsp_sdio_sd.o
    0x08001510   0x08001510   0x00000020   Code   RO         3907    i.SDIO_ITConfig     stm32f4xx_sdio.o
    0x08001530   0x08001530   0x00000030   Code   RO         3908    i.SDIO_Init         stm32f4xx_sdio.o
    0x08001560   0x08001560   0x0000000c   Code   RO         3909    i.SDIO_ReadData     stm32f4xx_sdio.o
    0x0800156c   0x0800156c   0x0000002c   Code   RO         3911    i.SDIO_SendCommand  stm32f4xx_sdio.o
    0x08001598   0x08001598   0x0000000c   Code   RO         3913    i.SDIO_SetPowerState  stm32f4xx_sdio.o
    0x080015a4   0x080015a4   0x0000000c   Code   RO         5408    i.SD_Detect         bsp_sdio_sd.o
    0x080015b0   0x080015b0   0x00000090   Code   RO         5409    i.SD_EnableWideBusOperation  bsp_sdio_sd.o
    0x08001640   0x08001640   0x0000031c   Code   RO         5411    i.SD_GetCardInfo    bsp_sdio_sd.o
    0x0800195c   0x0800195c   0x00000026   Code   RO         5413    i.SD_GetState       bsp_sdio_sd.o
    0x08001982   0x08001982   0x0000001e   Code   RO         5414    i.SD_GetStatus      bsp_sdio_sd.o
    0x080019a0   0x080019a0   0x000000c0   Code   RO         5417    i.SD_Init           bsp_sdio_sd.o
    0x08001a60   0x08001a60   0x0000013c   Code   RO         5418    i.SD_InitializeCards  bsp_sdio_sd.o
    0x08001b9c   0x08001b9c   0x00000090   Code   RO         5419    i.SD_LowLevel_DMA_RxConfig  bsp_sdio_sd.o
    0x08001c2c   0x08001c2c   0x00000090   Code   RO         5420    i.SD_LowLevel_DMA_TxConfig  bsp_sdio_sd.o
    0x08001cbc   0x08001cbc   0x000000a4   Code   RO         5422    i.SD_LowLevel_Init  bsp_sdio_sd.o
    0x08001d60   0x08001d60   0x000001a0   Code   RO         5424    i.SD_PowerON        bsp_sdio_sd.o
    0x08001f00   0x08001f00   0x00000028   Code   RO         5425    i.SD_ProcessDMAIRQ  bsp_sdio_sd.o
    0x08001f28   0x08001f28   0x000000ac   Code   RO         5426    i.SD_ProcessIRQSrc  bsp_sdio_sd.o
    0x08001fd4   0x08001fd4   0x000000f8   Code   RO         5428    i.SD_ReadMultiBlocks  bsp_sdio_sd.o
    0x080020cc   0x080020cc   0x00000038   Code   RO         5429    i.SD_SelectDeselect  bsp_sdio_sd.o
    0x08002104   0x08002104   0x00000054   Code   RO         5431    i.SD_SendStatus     bsp_sdio_sd.o
    0x08002158   0x08002158   0x00000034   Code   RO         5432    i.SD_StopTransfer   bsp_sdio_sd.o
    0x0800218c   0x0800218c   0x00000080   Code   RO         5433    i.SD_WaitReadOperation  bsp_sdio_sd.o
    0x0800220c   0x0800220c   0x00000080   Code   RO         5434    i.SD_WaitWriteOperation  bsp_sdio_sd.o
    0x0800228c   0x0800228c   0x00000158   Code   RO         5436    i.SD_WriteMultiBlocks  bsp_sdio_sd.o
    0x080023e4   0x080023e4   0x00000002   Code   RO         5273    i.SVC_Handler       stm32f4xx_it.o
    0x080023e6   0x080023e6   0x00000002   PAD
    0x080023e8   0x080023e8   0x00000120   Code   RO           13    i.SetSysClock       system_stm32f4xx.o
    0x08002508   0x08002508   0x00000010   Code   RO         5718    i.SysTick_Handler   board.o
    0x08002518   0x08002518   0x0000005c   Code   RO           15    i.SystemInit        system_stm32f4xx.o
    0x08002574   0x08002574   0x00000018   Code   RO         4907    i.USART_Cmd         stm32f4xx_usart.o
    0x0800258c   0x0800258c   0x0000001a   Code   RO         4910    i.USART_GetFlagStatus  stm32f4xx_usart.o
    0x080025a6   0x080025a6   0x00000002   PAD
    0x080025a8   0x080025a8   0x000000d4   Code   RO         4914    i.USART_Init        stm32f4xx_usart.o
    0x0800267c   0x0800267c   0x00000008   Code   RO         4924    i.USART_SendData    stm32f4xx_usart.o
    0x08002684   0x08002684   0x00000004   Code   RO         5274    i.UsageFault_Handler  stm32f4xx_it.o
    0x08002688   0x08002688   0x00000020   Code   RO         7451    i.__0printf$1       mc_w.l(printf1.o)
    0x080026a8   0x080026a8   0x0000004c   Code   RO         6697    i.__rt_ffs          kservice.o
    0x080026f4   0x080026f4   0x0000000e   Code   RO         7707    i.__scatterload_copy  mc_w.l(handlers.o)
    0x08002702   0x08002702   0x00000002   Code   RO         7708    i.__scatterload_null  mc_w.l(handlers.o)
    0x08002704   0x08002704   0x0000000e   Code   RO         7709    i.__scatterload_zeroinit  mc_w.l(handlers.o)
    0x08002712   0x08002712   0x00000002   PAD
    0x08002714   0x08002714   0x00000014   Code   RO         6358    i._has_defunct_thread  idle.o
    0x08002728   0x08002728   0x00000154   Code   RO         7458    i._printf_core      mc_w.l(printf1.o)
    0x0800287c   0x0800287c   0x00000084   Code   RO         7136    i._rt_thread_init   thread.o
    0x08002900   0x08002900   0x00000042   Code   RO         7251    i._rt_timer_init    timer.o
    0x08002942   0x08002942   0x0000002e   Code   RO         7252    i._rt_timer_remove  timer.o
    0x08002970   0x08002970   0x00000090   Code   RO         5846    i.check_fs          ff.o
    0x08002a00   0x08002a00   0x00000014   Code   RO         5847    i.chk_chr           ff.o
    0x08002a14   0x08002a14   0x0000001a   Code   RO         5848    i.clust2sect        ff.o
    0x08002a2e   0x08002a2e   0x00000002   PAD
    0x08002a30   0x08002a30   0x000000a0   Code   RO         5849    i.cmp_lfn           ff.o
    0x08002ad0   0x08002ad0   0x000000d6   Code   RO         5850    i.create_chain      ff.o
    0x08002ba6   0x08002ba6   0x00000002   PAD
    0x08002ba8   0x08002ba8   0x00000270   Code   RO         5851    i.create_name       ff.o
    0x08002e18   0x08002e18   0x0000005c   Code   RO         5852    i.dir_alloc         ff.o
    0x08002e74   0x08002e74   0x000000ea   Code   RO         5853    i.dir_find          ff.o
    0x08002f5e   0x08002f5e   0x0000013a   Code   RO         5854    i.dir_next          ff.o
    0x08003098   0x08003098   0x0000012a   Code   RO         5856    i.dir_register      ff.o
    0x080031c2   0x080031c2   0x000000c8   Code   RO         5858    i.dir_sdi           ff.o
    0x0800328a   0x0800328a   0x0000002a   Code   RO         5772    i.disk_initialize   diskio.o
    0x080032b4   0x080032b4   0x0000006c   Code   RO         5773    i.disk_ioctl        diskio.o
    0x08003320   0x08003320   0x000000b4   Code   RO         5774    i.disk_read         diskio.o
    0x080033d4   0x080033d4   0x0000001c   Code   RO         5775    i.disk_status       diskio.o
    0x080033f0   0x080033f0   0x000000ba   Code   RO         5776    i.disk_write        diskio.o
    0x080034aa   0x080034aa   0x0000002c   Code   RO         5860    i.f_close           ff.o
    0x080034d6   0x080034d6   0x00000002   PAD
    0x080034d8   0x080034d8   0x00000684   Code   RO         5865    i.f_mkfs            ff.o
    0x08003b5c   0x08003b5c   0x00000080   Code   RO         5866    i.f_mount           ff.o
    0x08003bdc   0x08003bdc   0x00000186   Code   RO         5867    i.f_open            ff.o
    0x08003d62   0x08003d62   0x0000022c   Code   RO         5869    i.f_read            ff.o
    0x08003f8e   0x08003f8e   0x000000c0   Code   RO         5873    i.f_sync            ff.o
    0x0800404e   0x0800404e   0x00000268   Code   RO         5877    i.f_write           ff.o
    0x080042b6   0x080042b6   0x00000002   PAD
    0x080042b8   0x080042b8   0x0000007c   Code   RO         6172    i.ff_convert        cc936.o
    0x08004334   0x08004334   0x0000002c   Code   RO         6207    i.ff_cre_syncobj    syscall.o
    0x08004360   0x08004360   0x00000010   Code   RO         6208    i.ff_del_syncobj    syscall.o
    0x08004370   0x08004370   0x0000000c   Code   RO         6209    i.ff_rel_grant      syscall.o
    0x0800437c   0x0800437c   0x0000001c   Code   RO         6210    i.ff_req_grant      syscall.o
    0x08004398   0x08004398   0x0000005c   Code   RO         6173    i.ff_wtoupper       cc936.o
    0x080043f4   0x080043f4   0x000003e4   Code   RO         5878    i.find_volume       ff.o
    0x080047d8   0x080047d8   0x00000080   Code   RO         5879    i.fit_lfn           ff.o
    0x08004858   0x08004858   0x00000090   Code   RO         5880    i.follow_path       ff.o
    0x080048e8   0x080048e8   0x00000024   Code   RO         5328    i.fputc             bsp_debug_usart.o
    0x0800490c   0x0800490c   0x000000cc   Code   RO         5881    i.gen_numname       ff.o
    0x080049d8   0x080049d8   0x0000013e   Code   RO         5882    i.get_fat           ff.o
    0x08004b16   0x08004b16   0x00000002   PAD
    0x08004b18   0x08004b18   0x00000008   Code   RO         5777    i.get_fattime       diskio.o
    0x08004b20   0x08004b20   0x0000004a   Code   RO         5884    i.get_ldnumber      ff.o
    0x08004b6a   0x08004b6a   0x00000020   Code   RO         5885    i.ld_clust          ff.o
    0x08004b8a   0x08004b8a   0x0000000c   Code   RO         5886    i.lock_fs           ff.o
    0x08004b96   0x08004b96   0x00000002   PAD
    0x08004b98   0x08004b98   0x00000080   Code   RO         5161    i.main              main.o
    0x08004c18   0x08004c18   0x0000000e   Code   RO         6285    i.main_thread_entry  components.o
    0x08004c26   0x08004c26   0x00000026   Code   RO         5887    i.mem_cmp           ff.o
    0x08004c4c   0x08004c4c   0x0000001a   Code   RO         5888    i.mem_cpy           ff.o
    0x08004c66   0x08004c66   0x00000014   Code   RO         5889    i.mem_set           ff.o
    0x08004c7a   0x08004c7a   0x00000034   Code   RO         5890    i.move_window       ff.o
    0x08004cae   0x08004cae   0x00000002   PAD
    0x08004cb0   0x08004cb0   0x00000078   Code   RO         6874    i.plug_holes        mem.o
    0x08004d28   0x08004d28   0x0000018c   Code   RO         6699    i.print_number      kservice.o
    0x08004eb4   0x08004eb4   0x00000188   Code   RO         5892    i.put_fat           ff.o
    0x0800503c   0x0800503c   0x0000006c   Code   RO         5893    i.remove_chain      ff.o
    0x080050a8   0x080050a8   0x0000002c   Code   RO         6286    i.rt_application_init  components.o
    0x080050d4   0x080050d4   0x0000001c   Code   RO         6287    i.rt_components_board_init  components.o
    0x080050f0   0x080050f0   0x0000001c   Code   RO         6288    i.rt_components_init  components.o
    0x0800510c   0x0800510c   0x00000020   Code   RO         7055    i.rt_enter_critical  scheduler.o
    0x0800512c   0x0800512c   0x0000003c   Code   RO         7056    i.rt_exit_critical  scheduler.o
    0x08005168   0x08005168   0x000000e0   Code   RO         6876    i.rt_free           mem.o
    0x08005248   0x08005248   0x00000008   Code   RO         5719    i.rt_heap_begin_get  board.o
    0x08005250   0x08005250   0x00000008   Code   RO         5720    i.rt_heap_end_get   board.o
    0x08005258   0x08005258   0x0000007c   Code   RO         5721    i.rt_hw_board_init  board.o
    0x080052d4   0x080052d4   0x00000050   Code   RO         5722    i.rt_hw_console_output  board.o
    0x08005324   0x08005324   0x0000010c   Code   RO         7360    i.rt_hw_hard_fault_exception  cpuport.o
    0x08005430   0x08005430   0x0000004c   Code   RO         7361    i.rt_hw_stack_init  cpuport.o
    0x0800547c   0x0800547c   0x00000020   Code   RO         6670    i.rt_interrupt_enter  irq.o
    0x0800549c   0x0800549c   0x00000020   Code   RO         6672    i.rt_interrupt_leave  irq.o
    0x080054bc   0x080054bc   0x00000014   Code   RO         6405    i.rt_ipc_list_resume  ipc.o
    0x080054d0   0x080054d0   0x00000032   Code   RO         6406    i.rt_ipc_list_resume_all  ipc.o
    0x08005502   0x08005502   0x0000006c   Code   RO         6407    i.rt_ipc_list_suspend  ipc.o
    0x0800556e   0x0800556e   0x00000010   Code   RO         6408    i.rt_ipc_object_init  ipc.o
    0x0800557e   0x0800557e   0x00000002   PAD
    0x08005580   0x08005580   0x00000030   Code   RO         6703    i.rt_kprintf        kservice.o
    0x080055b0   0x080055b0   0x00000006   Code   RO         6409    i.rt_list_init      ipc.o
    0x080055b6   0x080055b6   0x00000006   Code   RO         7057    i.rt_list_init      scheduler.o
    0x080055bc   0x080055bc   0x00000006   Code   RO         7253    i.rt_list_init      timer.o
    0x080055c2   0x080055c2   0x0000000e   Code   RO         6985    i.rt_list_insert_after  object.o
    0x080055d0   0x080055d0   0x0000000e   Code   RO         7137    i.rt_list_insert_after  thread.o
    0x080055de   0x080055de   0x0000000e   Code   RO         7254    i.rt_list_insert_after  timer.o
    0x080055ec   0x080055ec   0x0000000e   Code   RO         6410    i.rt_list_insert_before  ipc.o
    0x080055fa   0x080055fa   0x00000010   Code   RO         6411    i.rt_list_isempty   ipc.o
    0x0800560a   0x0800560a   0x00000010   Code   RO         7255    i.rt_list_isempty   timer.o
    0x0800561a   0x0800561a   0x00000012   Code   RO         6986    i.rt_list_remove    object.o
    0x0800562c   0x0800562c   0x00000012   Code   RO         7138    i.rt_list_remove    thread.o
    0x0800563e   0x0800563e   0x00000002   PAD
    0x08005640   0x08005640   0x0000016c   Code   RO         6877    i.rt_malloc         mem.o
    0x080057ac   0x080057ac   0x00000014   Code   RO         6709    i.rt_memset         kservice.o
    0x080057c0   0x080057c0   0x00000032   Code   RO         6429    i.rt_mutex_create   ipc.o
    0x080057f2   0x080057f2   0x00000016   Code   RO         6430    i.rt_mutex_delete   ipc.o
    0x08005808   0x08005808   0x00000096   Code   RO         6433    i.rt_mutex_release  ipc.o
    0x0800589e   0x0800589e   0x000000c0   Code   RO         6434    i.rt_mutex_take     ipc.o
    0x0800595e   0x0800595e   0x0000004a   Code   RO         6987    i.rt_object_allocate  object.o
    0x080059a8   0x080059a8   0x00000020   Code   RO         6988    i.rt_object_delete  object.o
    0x080059c8   0x080059c8   0x0000001a   Code   RO         6989    i.rt_object_detach  object.o
    0x080059e2   0x080059e2   0x00000002   PAD
    0x080059e4   0x080059e4   0x00000028   Code   RO         6991    i.rt_object_get_information  object.o
    0x08005a0c   0x08005a0c   0x0000003c   Code   RO         6992    i.rt_object_init    object.o
    0x08005a48   0x08005a48   0x00000012   Code   RO         6993    i.rt_object_is_systemobject  object.o
    0x08005a5a   0x08005a5a   0x00000002   PAD
    0x08005a5c   0x08005a5c   0x00000090   Code   RO         7058    i.rt_schedule       scheduler.o
    0x08005aec   0x08005aec   0x00000050   Code   RO         7059    i.rt_schedule_insert_thread  scheduler.o
    0x08005b3c   0x08005b3c   0x00000054   Code   RO         7060    i.rt_schedule_remove_thread  scheduler.o
    0x08005b90   0x08005b90   0x00000026   Code   RO         6439    i.rt_sem_init       ipc.o
    0x08005bb6   0x08005bb6   0x0000003a   Code   RO         6440    i.rt_sem_release    ipc.o
    0x08005bf0   0x08005bf0   0x00000074   Code   RO         6441    i.rt_sem_take       ipc.o
    0x08005c64   0x08005c64   0x000000b0   Code   RO         6711    i.rt_show_version   kservice.o
    0x08005d14   0x08005d14   0x00000012   Code   RO         6717    i.rt_strlen         kservice.o
    0x08005d26   0x08005d26   0x00000034   Code   RO         6719    i.rt_strncpy        kservice.o
    0x08005d5a   0x08005d5a   0x00000002   PAD
    0x08005d5c   0x08005d5c   0x000000f8   Code   RO         6880    i.rt_system_heap_init  mem.o
    0x08005e54   0x08005e54   0x0000004c   Code   RO         7061    i.rt_system_scheduler_init  scheduler.o
    0x08005ea0   0x08005ea0   0x00000030   Code   RO         7062    i.rt_system_scheduler_start  scheduler.o
    0x08005ed0   0x08005ed0   0x0000001c   Code   RO         7256    i.rt_system_timer_init  timer.o
    0x08005eec   0x08005eec   0x00000002   Code   RO         7257    i.rt_system_timer_thread_init  timer.o
    0x08005eee   0x08005eee   0x00000076   Code   RO         7139    i.rt_thread_control  thread.o
    0x08005f64   0x08005f64   0x00000050   Code   RO         7140    i.rt_thread_create  thread.o
    0x08005fb4   0x08005fb4   0x0000000c   Code   RO         7141    i.rt_thread_delay   thread.o
    0x08005fc0   0x08005fc0   0x00000040   Code   RO         7142    i.rt_thread_delete  thread.o
    0x08006000   0x08006000   0x00000054   Code   RO         7144    i.rt_thread_exit    thread.o
    0x08006054   0x08006054   0x00000008   Code   RO         6359    i.rt_thread_idle_entry  idle.o
    0x0800605c   0x0800605c   0x00000084   Code   RO         6360    i.rt_thread_idle_excute  idle.o
    0x080060e0   0x080060e0   0x0000003c   Code   RO         6362    i.rt_thread_idle_init  idle.o
    0x0800611c   0x0800611c   0x00000034   Code   RO         7146    i.rt_thread_init    thread.o
    0x08006150   0x08006150   0x0000003c   Code   RO         7147    i.rt_thread_resume  thread.o
    0x0800618c   0x0800618c   0x0000000c   Code   RO         7148    i.rt_thread_self    thread.o
    0x08006198   0x08006198   0x00000044   Code   RO         7149    i.rt_thread_sleep   thread.o
    0x080061dc   0x080061dc   0x0000002c   Code   RO         7150    i.rt_thread_startup  thread.o
    0x08006208   0x08006208   0x00000044   Code   RO         7151    i.rt_thread_suspend  thread.o
    0x0800624c   0x0800624c   0x00000020   Code   RO         7152    i.rt_thread_timeout  thread.o
    0x0800626c   0x0800626c   0x00000064   Code   RO         7153    i.rt_thread_yield   thread.o
    0x080062d0   0x080062d0   0x0000000c   Code   RO         6248    i.rt_tick_get       clock.o
    0x080062dc   0x080062dc   0x00000030   Code   RO         6249    i.rt_tick_increase  clock.o
    0x0800630c   0x0800630c   0x0000007c   Code   RO         7258    i.rt_timer_check    timer.o
    0x08006388   0x08006388   0x00000038   Code   RO         7259    i.rt_timer_control  timer.o
    0x080063c0   0x080063c0   0x00000020   Code   RO         7262    i.rt_timer_detach   timer.o
    0x080063e0   0x080063e0   0x0000002e   Code   RO         7263    i.rt_timer_init     timer.o
    0x0800640e   0x0800640e   0x00000002   PAD
    0x08006410   0x08006410   0x000000f8   Code   RO         7266    i.rt_timer_start    timer.o
    0x08006508   0x08006508   0x00000030   Code   RO         7267    i.rt_timer_stop     timer.o
    0x08006538   0x08006538   0x00000328   Code   RO         6722    i.rt_vsnprintf      kservice.o
    0x08006860   0x08006860   0x00000004   Code   RO         6289    i.rti_board_end     components.o
    0x08006864   0x08006864   0x00000004   Code   RO         6290    i.rti_board_start   components.o
    0x08006868   0x08006868   0x00000004   Code   RO         6291    i.rti_end           components.o
    0x0800686c   0x0800686c   0x00000004   Code   RO         6292    i.rti_start         components.o
    0x08006870   0x08006870   0x0000002a   Code   RO         6293    i.rtthread_startup  components.o
    0x0800689a   0x0800689a   0x00000026   Code   RO         6724    i.skip_atoi         kservice.o
    0x080068c0   0x080068c0   0x00000010   Code   RO         5894    i.st_clust          ff.o
    0x080068d0   0x080068d0   0x00000020   Code   RO         5895    i.sum_sfn           ff.o
    0x080068f0   0x080068f0   0x000000c8   Code   RO         5896    i.sync_fs           ff.o
    0x080069b8   0x080069b8   0x00000052   Code   RO         5897    i.sync_window       ff.o
    0x08006a0a   0x08006a0a   0x00000002   PAD
    0x08006a0c   0x08006a0c   0x00000024   Code   RO         5162    i.test_thread_entry  main.o
    0x08006a30   0x08006a30   0x00000020   Code   RO         5898    i.unlock_fs         ff.o
    0x08006a50   0x08006a50   0x0000003e   Code   RO         5899    i.validate          ff.o
    0x08006a8e   0x08006a8e   0x0000003a   Data   RO         5900    .constdata          ff.o
    0x08006ac8   0x08006ac8   0x0002b0c0   Data   RO         6174    .constdata          cc936.o
    0x08031b88   0x08031b88   0x00000122   Data   RO         6726    .constdata          kservice.o
    0x08031caa   0x08031caa   0x00000002   PAD
    0x08031cac   0x08031cac   0x00000004   Data   RO         6294    .rti_fn.0           components.o
    0x08031cb0   0x08031cb0   0x00000004   Data   RO         6295    .rti_fn.0.end       components.o
    0x08031cb4   0x08031cb4   0x00000004   Data   RO         6296    .rti_fn.1.end       components.o
    0x08031cb8   0x08031cb8   0x00000004   Data   RO         6297    .rti_fn.6.end       components.o
    0x08031cbc   0x08031cbc   0x00000020   Data   RO         7705    Region$$Table       anon$$obj.o


    Execution Region RW_IRAM1 (Exec base: 0x20000000, Load base: 0x08031cdc, Size: 0x0000ccf8, Max: 0x00030000, ABSOLUTE, COMPRESSED[0x000000a0])

    Exec Addr    Load Addr    Size         Type   Attr      Idx    E Section Name        Object

    0x20000000   COMPRESSED   0x00000014   Data   RW           16    .data               system_stm32f4xx.o
    0x20000014   COMPRESSED   0x00000010   Data   RW         3013    .data               stm32f4xx_rcc.o
    0x20000024   COMPRESSED   0x00000004   Data   RW         5163    .data               main.o
    0x20000028   COMPRESSED   0x00000018   Data   RW         5439    .data               bsp_sdio_sd.o
    0x20000040   COMPRESSED   0x0000004c   Data   RW         5677    .data               fatfs_test.o
    0x2000008c   COMPRESSED   0x0000000a   Data   RW         5901    .data               ff.o
    0x20000096   COMPRESSED   0x00000002   PAD
    0x20000098   COMPRESSED   0x00000004   Data   RW         6251    .data               clock.o
    0x2000009c   COMPRESSED   0x00000001   Data   RW         6673    .data               irq.o
    0x2000009d   COMPRESSED   0x00000003   PAD
    0x200000a0   COMPRESSED   0x00000018   Data   RW         6882    .data               mem.o
    0x200000b8   COMPRESSED   0x00000080   Data   RW         6995    .data               object.o
    0x20000138   COMPRESSED   0x00000018   Data   RW         7064    .data               scheduler.o
    0x20000150   COMPRESSED   0x0000000c   Data   RW         7268    .data               timer.o
    0x2000015c   COMPRESSED   0x00000010   Data   RW         7362    .data               cpuport.o
    0x2000016c   COMPRESSED   0x00000004   Data   RW         7681    .data               mc_w.l(stdout.o)
    0x20000170        -       0x000000cc   Zero   RW         5438    .bss                bsp_sdio_sd.o
    0x2000023c        -       0x00002458   Zero   RW         5676    .bss                fatfs_test.o
    0x20002694        -       0x0000a000   Zero   RW         5723    .bss                board.o
    0x2000c694        -       0x00000180   Zero   RW         6363    .bss                idle.o
    0x2000c814        -       0x00000080   Zero   RW         6725    .bss                kservice.o
    0x2000c894        -       0x00000020   Zero   RW         6881    .bss                mem.o
    0x2000c8b4        -       0x00000040   Zero   RW         7063    .bss                scheduler.o
    0x2000c8f4   COMPRESSED   0x00000004   PAD
    0x2000c8f8        -       0x00000400   Zero   RW            1    STACK               startup_stm32f429_439xx.o


==============================================================================

Image component sizes


      Code (inc. data)   RO Data    RW Data    ZI Data      Debug   Object Name

       236         26          0          0      40960      29729   board.o
       188         12          0          0          0       2485   bsp_debug_usart.o
       128         10          0          0          0        574   bsp_led.o
      5092        292          0         24        204      31035   bsp_sdio_sd.o
       216         16     176320          0          0       2191   cc936.o
        60         12          0          4          0       1217   clock.o
       186         28         16          0          0       5868   components.o
       212         26          0          0          0        808   context_rvds.o
       344        166          0         16          0       3214   cpuport.o
       552          8          0          0          0       6249   diskio.o
      1080        680          0         76       9304       5077   fatfs_test.o
      8888        136         58         10          0      38295   ff.o
       220         30          0          0        384       5090   idle.o
       856          0          0          0          0      11316   ipc.o
        64         12          0          1          0       1622   irq.o
      1632        164        290          0        128       8224   kservice.o
       164         72          0          4          0       7851   main.o
       956        224          0         24         32       3944   mem.o
       140         24          0          0          0       1723   misc.o
       282          4          0        128          0       7824   object.o
       530         88          0         24         64       8006   scheduler.o
        36          8        428          0       1024        948   startup_stm32f429_439xx.o
       586         40          0          0          0       5288   stm32f4xx_dma.o
       218          0          0          0          0       2552   stm32f4xx_gpio.o
        18          0          0          0          0       2655   stm32f4xx_it.o
       328         36          0         16          0       4927   stm32f4xx_rcc.o
       370         80          0          0          0      11266   stm32f4xx_sdio.o
       270          8          0          0          0       3520   stm32f4xx_usart.o
       100         12          0          0          0       2704   syscall.o
       380         34          0         20          0     298725   system_stm32f4xx.o
       958         40          0          0          0      12802   thread.o
       732         20          0         12          0      10732   timer.o

    ----------------------------------------------------------------------
     26064       2308     177146        364      52104     538461   Object Totals
         0          0         32          0          0          0   (incl. Generated)
        42          0          2          5          4          0   (incl. Padding)

    ----------------------------------------------------------------------

      Code (inc. data)   RO Data    RW Data    ZI Data      Debug   Library Member Name

        86          0          0          0          0          0   __dczerorl2.o
         0          0          0          0          0          0   entry.o
         0          0          0          0          0          0   entry10a.o
         0          0          0          0          0          0   entry11a.o
         8          4          0          0          0          0   entry2.o
         4          0          0          0          0          0   entry5.o
         0          0          0          0          0          0   entry7b.o
         0          0          0          0          0          0   entry8b.o
         8          4          0          0          0          0   entry9a.o
        30          0          0          0          0          0   handlers.o
        36          8          0          0          0         68   init.o
        30          0          0          0          0         68   llshl.o
        32          0          0          0          0         68   llushr.o
        36          0          0          0          0         68   memcpya.o
       372         14          0          0          0        184   printf1.o
         0          0          0          4          0          0   stdout.o
        44          0          0          0          0         80   uidiv.o
        98          0          0          0          0         92   uldiv.o

    ----------------------------------------------------------------------
       786         30          0          4          0        628   Library Totals
         2          0          0          0          0          0   (incl. Padding)

    ----------------------------------------------------------------------

      Code (inc. data)   RO Data    RW Data    ZI Data      Debug   Library Name

       784         30          0          4          0        628   mc_w.l

    ----------------------------------------------------------------------
       786         30          0          4          0        628   Library Totals

    ----------------------------------------------------------------------

==============================================================================


      Code (inc. data)   RO Data    RW Data    ZI Data      Debug   

     26850       2338     177146        368      52104     527465   Grand Totals
     26850       2338     177146        160      52104     527465   ELF Image Totals (compressed)
     26850       2338     177146        160          0          0   ROM Totals

==============================================================================

    Total RO  Size (Code + RO Data)               203996 ( 199.21kB)
    Total RW  Size (RW Data + ZI Data)             52472 (  51.24kB)
    Total ROM Size (Code + RO Data + RW Data)     204156 ( 199.37kB)

==============================================================================

