<html>
<body>
<pre>
<h1>µVision Build Log</h1>
<h2>Tool Versions:</h2>
IDE-Version: ¦ÌVision V5.26.0.0
Copyright (C) 2018 ARM Ltd and ARM Germany GmbH. All rights reserved.
License Information: JIE JIE, JIE, LIC=WHY45-GB45V-RXPUD-8RF3Z-RH7EM-NL89M
 
Tool Versions:
Toolchain:       MDK-ARM Plus  Version: 5.26.0.0
Toolchain Path:  D:\Keil_v5\ARM\ARMCC\Bin
C Compiler:      Armcc.exe V5.06 update 6 (build 750)
Assembler:       Armasm.exe V5.06 update 6 (build 750)
Linker/Locator:  ArmLink.exe V5.06 update 6 (build 750)
Library Manager: ArmAr.exe V5.06 update 6 (build 750)
Hex Converter:   FromElf.exe V5.06 update 6 (build 750)
CPU DLL:         SARMCM3.DLL V5.26.0.0
Dialog DLL:      DCM.DLL V1.17.1.0
Target DLL:      CMSIS_AGDI.dll V1.30.6.0
Dialog DLL:      TCM.DLL V1.35.3.0
 
<h2>Project:</h2>
F:\jiejieTop\RT-Thread_Demo\RTT-SDIO-FatFs-Mutex\Project\RVMDK£¨uv5£©\RT-Thread.uvprojx
Project File Date:  09/13/2018

<h2>Output:</h2>
*** Using Compiler 'V5.06 update 6 (build 750)', folder: 'D:\Keil_v5\ARM\ARMCC\Bin'
Build target 'Fire-RTT-SDIO-FatFs'
assembling startup_stm32f429_439xx.s...
compiling misc.c...
compiling stm32f4xx_crc.c...
compiling stm32f4xx_dbgmcu.c...
compiling stm32f4xx_cryp_des.c...
compiling stm32f4xx_cryp_tdes.c...
compiling stm32f4xx_cryp.c...
compiling system_stm32f4xx.c...
compiling stm32f4xx_dac.c...
compiling stm32f4xx_cec.c...
compiling stm32f4xx_adc.c...
compiling stm32f4xx_can.c...
compiling stm32f4xx_cryp_aes.c...
compiling stm32f4xx_fmpi2c.c...
compiling stm32f4xx_hash_md5.c...
compiling stm32f4xx_exti.c...
compiling stm32f4xx_hash.c...
compiling stm32f4xx_dma2d.c...
compiling stm32f4xx_flash_ramfunc.c...
compiling stm32f4xx_gpio.c...
compiling stm32f4xx_dcmi.c...
compiling stm32f4xx_dma.c...
compiling stm32f4xx_fmc.c...
compiling stm32f4xx_hash_sha1.c...
compiling stm32f4xx_flash.c...
compiling stm32f4xx_qspi.c...
compiling stm32f4xx_spdifrx.c...
compiling stm32f4xx_rng.c...
compiling stm32f4xx_iwdg.c...
compiling stm32f4xx_sai.c...
compiling stm32f4xx_i2c.c...
compiling stm32f4xx_pwr.c...
compiling stm32f4xx_sdio.c...
compiling stm32f4xx_rcc.c...
compiling stm32f4xx_spi.c...
compiling stm32f4xx_ltdc.c...
compiling stm32f4xx_rtc.c...
compiling stm32f4xx_syscfg.c...
compiling bsp_debug_usart.c...
compiling bsp_led.c...
compiling stm32f4xx_wwdg.c...
compiling stm32f4xx_it.c...
compiling stm32f4xx_usart.c...
compiling stm32f4xx_tim.c...
compiling main.c...
compiling clock.c...
compiling device.c...
compiling components.c...
compiling FatFs_test.c...
compiling board.c...
compiling diskio.c...
compiling idle.c...
compiling irq.c...
compiling mem.c...
compiling memheap.c...
compiling object.c...
compiling mempool.c...
compiling kservice.c...
compiling ipc.c...
compiling bsp_sdio_sd.c...
compiling scheduler.c...
compiling signal.c...
assembling context_rvds.S...
compiling cpuport.c...
compiling timer.c...
compiling thread.c...
compiling syscall.c...
compiling cc936.c...
compiling ff.c...
linking...
Program Size: Code=26850 RO-data=177146 RW-data=368 ZI-data=52104  
FromELF: creating hex file...
"..\..\Output\Fire-RTT-SDIO-FatFs.axf" - 0 Error(s), 0 Warning(s).

<h2>Software Packages used:</h2>

Package Vendor: Keil
                http://www.keil.com/pack/Keil.STM32F4xx_DFP.2.9.0.pack
                Keil.STM32F4xx_DFP.2.9.0
                STMicroelectronics STM32F4 Series Device Support, Drivers and Examples

<h2>Collection of Component include folders:</h2>
  .\RTE\_Fire-RTT-SDIO-FatFs
  D:\Keil_v5\ARM\PACK\Keil\STM32F4xx_DFP\2.9.0\Drivers\CMSIS\Device\ST\STM32F4xx\Include

<h2>Collection of Component Files used:</h2>
Build Time Elapsed:  00:00:07
</pre>
</body>
</html>
