<html>
<body>
<pre>
<h1>µVision Build Log</h1>
<h2>Tool Versions:</h2>
IDE-Version: ¦ÌVision V5.26.0.0
Copyright (C) 2018 ARM Ltd and ARM Germany GmbH. All rights reserved.
License Information: JIE JIE, JIE, LIC=WHY45-GB45V-RXPUD-8RF3Z-RH7EM-NL89M
 
Tool Versions:
Toolchain:       MDK-ARM Plus  Version: 5.26.0.0
Toolchain Path:  D:\Keil_v5\ARM\ARMCC\Bin
C Compiler:      Armcc.exe V5.06 update 6 (build 750)
Assembler:       Armasm.exe V5.06 update 6 (build 750)
Linker/Locator:  ArmLink.exe V5.06 update 6 (build 750)
Library Manager: ArmAr.exe V5.06 update 6 (build 750)
Hex Converter:   FromElf.exe V5.06 update 6 (build 750)
CPU DLL:         SARMCM3.DLL V5.26.0.0
Dialog DLL:      DARMSTM.DLL V1.68.0.0
Target DLL:      CMSIS_AGDI.dll V1.30.6.0
Dialog DLL:      TARMSTM.DLL V1.66.0.0
 
<h2>Project:</h2>
F:\jiejieTop\RT-Thread_Demo\RT-Thread-Demo\Project\RVMDK£¨uv5£©\Fire_RT-Thread.uvprojx
Project File Date:  09/13/2018

<h2>Output:</h2>
*** Using Compiler 'V5.06 update 6 (build 750)', folder: 'D:\Keil_v5\ARM\ARMCC\Bin'
Build target 'RT-Thread-Demo'
compiling board.c...
compiling main.c...
linking...
Program Size: Code=13598 RO-data=642 RW-data=196 ZI-data=5724  
FromELF: creating hex file...
"..\..\Output\RT-Thread-Demo.axf" - 0 Error(s), 0 Warning(s).

<h2>Software Packages used:</h2>

Package Vendor: Keil
                http://www.keil.com/pack/Keil.STM32F1xx_DFP.2.2.0.pack
                Keil.STM32F1xx_DFP.2.2.0
                STMicroelectronics STM32F1 Series Device Support, Drivers and Examples

<h2>Collection of Component include folders:</h2>
  .\RTE\_RT-Thread-Demo
  D:\Keil_v5\ARM\PACK\Keil\STM32F1xx_DFP\2.2.0\Device\Include

<h2>Collection of Component Files used:</h2>
Build Time Elapsed:  00:00:00
</pre>
</body>
</html>
